Archive member included to satisfy reference by file (symbol)

C:/ST/STM32CubeIDE_1.17.0/STM32CubeIDE/plugins/com.st.stm32cube.ide.mcu.externaltools.gnu-tools-for-stm32.13.3.rel1.win32_1.0.0.202411081344/tools/bin/../lib/gcc/arm-none-eabi/13.3.1/../../../../arm-none-eabi/lib/thumb/v7e-m+fp/hard\libc_nano.a(libc_a-exit.o)
                              C:/ST/STM32CubeIDE_1.17.0/STM32CubeIDE/plugins/com.st.stm32cube.ide.mcu.externaltools.gnu-tools-for-stm32.13.3.rel1.win32_1.0.0.202411081344/tools/bin/../lib/gcc/arm-none-eabi/13.3.1/../../../../arm-none-eabi/lib/thumb/v7e-m+fp/hard/crt0.o (exit)
C:/ST/STM32CubeIDE_1.17.0/STM32CubeIDE/plugins/com.st.stm32cube.ide.mcu.externaltools.gnu-tools-for-stm32.13.3.rel1.win32_1.0.0.202411081344/tools/bin/../lib/gcc/arm-none-eabi/13.3.1/../../../../arm-none-eabi/lib/thumb/v7e-m+fp/hard\libc_nano.a(libc_a-malloc.o)
                              ./Core/Src/virtual_timer.o (malloc)
C:/ST/STM32CubeIDE_1.17.0/STM32CubeIDE/plugins/com.st.stm32cube.ide.mcu.externaltools.gnu-tools-for-stm32.13.3.rel1.win32_1.0.0.202411081344/tools/bin/../lib/gcc/arm-none-eabi/13.3.1/../../../../arm-none-eabi/lib/thumb/v7e-m+fp/hard\libc_nano.a(libc_a-mallocr.o)
                              C:/ST/STM32CubeIDE_1.17.0/STM32CubeIDE/plugins/com.st.stm32cube.ide.mcu.externaltools.gnu-tools-for-stm32.13.3.rel1.win32_1.0.0.202411081344/tools/bin/../lib/gcc/arm-none-eabi/13.3.1/../../../../arm-none-eabi/lib/thumb/v7e-m+fp/hard\libc_nano.a(libc_a-malloc.o) (_malloc_r)
C:/ST/STM32CubeIDE_1.17.0/STM32CubeIDE/plugins/com.st.stm32cube.ide.mcu.externaltools.gnu-tools-for-stm32.13.3.rel1.win32_1.0.0.202411081344/tools/bin/../lib/gcc/arm-none-eabi/13.3.1/../../../../arm-none-eabi/lib/thumb/v7e-m+fp/hard\libc_nano.a(libc_a-mlock.o)
                              C:/ST/STM32CubeIDE_1.17.0/STM32CubeIDE/plugins/com.st.stm32cube.ide.mcu.externaltools.gnu-tools-for-stm32.13.3.rel1.win32_1.0.0.202411081344/tools/bin/../lib/gcc/arm-none-eabi/13.3.1/../../../../arm-none-eabi/lib/thumb/v7e-m+fp/hard\libc_nano.a(libc_a-mallocr.o) (__malloc_lock)
C:/ST/STM32CubeIDE_1.17.0/STM32CubeIDE/plugins/com.st.stm32cube.ide.mcu.externaltools.gnu-tools-for-stm32.13.3.rel1.win32_1.0.0.202411081344/tools/bin/../lib/gcc/arm-none-eabi/13.3.1/../../../../arm-none-eabi/lib/thumb/v7e-m+fp/hard\libc_nano.a(libc_a-nano-vfprintf_float.o)
                              (_printf_float)
C:/ST/STM32CubeIDE_1.17.0/STM32CubeIDE/plugins/com.st.stm32cube.ide.mcu.externaltools.gnu-tools-for-stm32.13.3.rel1.win32_1.0.0.202411081344/tools/bin/../lib/gcc/arm-none-eabi/13.3.1/../../../../arm-none-eabi/lib/thumb/v7e-m+fp/hard\libc_nano.a(libc_a-nano-vfprintf_i.o)
                              C:/ST/STM32CubeIDE_1.17.0/STM32CubeIDE/plugins/com.st.stm32cube.ide.mcu.externaltools.gnu-tools-for-stm32.13.3.rel1.win32_1.0.0.202411081344/tools/bin/../lib/gcc/arm-none-eabi/13.3.1/../../../../arm-none-eabi/lib/thumb/v7e-m+fp/hard\libc_nano.a(libc_a-nano-vfprintf_float.o) (_printf_common)
C:/ST/STM32CubeIDE_1.17.0/STM32CubeIDE/plugins/com.st.stm32cube.ide.mcu.externaltools.gnu-tools-for-stm32.13.3.rel1.win32_1.0.0.202411081344/tools/bin/../lib/gcc/arm-none-eabi/13.3.1/../../../../arm-none-eabi/lib/thumb/v7e-m+fp/hard\libc_nano.a(libc_a-findfp.o)
                              C:/ST/STM32CubeIDE_1.17.0/STM32CubeIDE/plugins/com.st.stm32cube.ide.mcu.externaltools.gnu-tools-for-stm32.13.3.rel1.win32_1.0.0.202411081344/tools/bin/../lib/gcc/arm-none-eabi/13.3.1/../../../../arm-none-eabi/lib/thumb/v7e-m+fp/hard\libc_nano.a(libc_a-exit.o) (__stdio_exit_handler)
C:/ST/STM32CubeIDE_1.17.0/STM32CubeIDE/plugins/com.st.stm32cube.ide.mcu.externaltools.gnu-tools-for-stm32.13.3.rel1.win32_1.0.0.202411081344/tools/bin/../lib/gcc/arm-none-eabi/13.3.1/../../../../arm-none-eabi/lib/thumb/v7e-m+fp/hard\libc_nano.a(libc_a-fwalk.o)
                              C:/ST/STM32CubeIDE_1.17.0/STM32CubeIDE/plugins/com.st.stm32cube.ide.mcu.externaltools.gnu-tools-for-stm32.13.3.rel1.win32_1.0.0.202411081344/tools/bin/../lib/gcc/arm-none-eabi/13.3.1/../../../../arm-none-eabi/lib/thumb/v7e-m+fp/hard\libc_nano.a(libc_a-findfp.o) (_fwalk_sglue)
C:/ST/STM32CubeIDE_1.17.0/STM32CubeIDE/plugins/com.st.stm32cube.ide.mcu.externaltools.gnu-tools-for-stm32.13.3.rel1.win32_1.0.0.202411081344/tools/bin/../lib/gcc/arm-none-eabi/13.3.1/../../../../arm-none-eabi/lib/thumb/v7e-m+fp/hard\libc_nano.a(libc_a-printf.o)
                              ./Core/Src/adbms_interface.o (printf)
C:/ST/STM32CubeIDE_1.17.0/STM32CubeIDE/plugins/com.st.stm32cube.ide.mcu.externaltools.gnu-tools-for-stm32.13.3.rel1.win32_1.0.0.202411081344/tools/bin/../lib/gcc/arm-none-eabi/13.3.1/../../../../arm-none-eabi/lib/thumb/v7e-m+fp/hard\libc_nano.a(libc_a-putchar.o)
                              ./Core/Src/adbms_interface.o (putchar)
[...]
Memory Configuration

Name             Origin             Length             Attributes
CCMRAM           0x10000000         0x00010000         xrw
RAM              0x20000000         0x00020000         xrw
FLASH            0x08000000         0x00100000         xr
*default*        0x00000000         0xffffffff

Linker script and memory map

LOAD C:/ST/STM32CubeIDE_1.17.0/STM32CubeIDE/plugins/com.st.stm32cube.ide.mcu.externaltools.gnu-tools-for-stm32.13.3.rel1.win32_1.0.0.202411081344/tools/bin/../lib/gcc/arm-none-eabi/13.3.1/thumb/v7e-m+fp/hard/crti.o
LOAD C:/ST/STM32CubeIDE_1.17.0/STM32CubeIDE/plugins/com.st.stm32cube.ide.mcu.externaltools.gnu-tools-for-stm32.13.3.rel1.win32_1.0.0.202411081344/tools/bin/../lib/gcc/arm-none-eabi/13.3.1/thumb/v7e-m+fp/hard/crtbegin.o
LOAD C:/ST/STM32CubeIDE_1.17.0/STM32CubeIDE/plugins/com.st.stm32cube.ide.mcu.externaltools.gnu-tools-for-stm32.13.3.rel1.win32_1.0.0.202411081344/tools/bin/../lib/gcc/arm-none-eabi/13.3.1/../../../../arm-none-eabi/lib/thumb/v7e-m+fp/hard/crt0.o
LOAD ./Core/Src/adbms_driver.o
LOAD ./Core/Src/adbms_interface.o
LOAD ./Core/Src/bms.o
LOAD ./Core/Src/bms_can.o
LOAD ./Core/Src/current_driver.o
LOAD ./Core/Src/main.o
LOAD ./Core/Src/nfr_can_driver.o
LOAD ./Core/Src/stm32f4xx_hal_msp.o
LOAD ./Core/Src/stm32f4xx_it.o
LOAD ./Core/Src/syscalls.o
LOAD ./Core/Src/sysmem.o
LOAD ./Core/Src/system_stm32f4xx.o
LOAD ./Core/Src/thermistor_driver.o
LOAD ./Core/Src/virtual_timer.o
LOAD ./Core/Startup/startup_stm32f405rgtx.o
LOAD ./Drivers/STM32F4xx_HAL_Driver/Src/stm32f4xx_hal.o
LOAD ./Drivers/STM32F4xx_HAL_Driver/Src/stm32f4xx_hal_adc.o
LOAD ./Drivers/STM32F4xx_HAL_Driver/Src/stm32f4xx_hal_adc_ex.o
LOAD ./Drivers/STM32F4xx_HAL_Driver/Src/stm32f4xx_hal_can.o
LOAD ./Drivers/STM32F4xx_HAL_Driver/Src/stm32f4xx_hal_cortex.o
LOAD ./Drivers/STM32F4xx_HAL_Driver/Src/stm32f4xx_hal_dma.o
LOAD ./Drivers/STM32F4xx_HAL_Driver/Src/stm32f4xx_hal_dma_ex.o
LOAD ./Drivers/STM32F4xx_HAL_Driver/Src/stm32f4xx_hal_exti.o
LOAD ./Drivers/STM32F4xx_HAL_Driver/Src/stm32f4xx_hal_flash.o
LOAD ./Drivers/STM32F4xx_HAL_Driver/Src/stm32f4xx_hal_flash_ex.o
LOAD ./Drivers/STM32F4xx_HAL_Driver/Src/stm32f4xx_hal_flash_ramfunc.o
LOAD ./Drivers/STM32F4xx_HAL_Driver/Src/stm32f4xx_hal_gpio.o
LOAD ./Drivers/STM32F4xx_HAL_Driver/Src/stm32f4xx_hal_pcd.o
LOAD ./Drivers/STM32F4xx_HAL_Driver/Src/stm32f4xx_hal_pcd_ex.o
LOAD ./Drivers/STM32F4xx_HAL_Driver/Src/stm32f4xx_hal_pwr.o
LOAD ./Drivers/STM32F4xx_HAL_Driver/Src/stm32f4xx_hal_pwr_ex.o
LOAD ./Drivers/STM32F4xx_HAL_Driver/Src/stm32f4xx_hal_rcc.o
LOAD ./Drivers/STM32F4xx_HAL_Driver/Src/stm32f4xx_hal_rcc_ex.o
LOAD ./Drivers/STM32F4xx_HAL_Driver/Src/stm32f4xx_hal_spi.o
LOAD ./Drivers/STM32F4xx_HAL_Driver/Src/stm32f4xx_hal_tim.o
LOAD ./Drivers/STM32F4xx_HAL_Driver/Src/stm32f4xx_hal_tim_ex.o
LOAD ./Drivers/STM32F4xx_HAL_Driver/Src/stm32f4xx_ll_adc.o
LOAD ./Drivers/STM32F4xx_HAL_Driver/Src/stm32f4xx_ll_usb.o
LOAD ./Middlewares/ST/STM32_USB_Device_Library/Class/CDC/Src/usbd_cdc.o
LOAD ./Middlewares/ST/STM32_USB_Device_Library/Core/Src/usbd_core.o
LOAD ./Middlewares/ST/STM32_USB_Device_Library/Core/Src/usbd_ctlreq.o
LOAD ./Middlewares/ST/STM32_USB_Device_Library/Core/Src/usbd_ioreq.o
LOAD ./USB_DEVICE/App/usb_device.o
LOAD ./USB_DEVICE/App/usbd_cdc_if.o
LOAD ./USB_DEVICE/App/usbd_desc.o
LOAD ./USB_DEVICE/Target/usbd_conf.o
START GROUP
LOAD C:/ST/STM32CubeIDE_1.17.0/STM32CubeIDE/plugins/com.st.stm32cube.ide.mcu.externaltools.gnu-tools-for-stm32.13.3.rel1.win32_1.0.0.202411081344/tools/bin/../lib/gcc/arm-none-eabi/13.3.1/../../../../arm-none-eabi/lib/thumb/v7e-m+fp/hard\libc_nano.a
LOAD C:/ST/STM32CubeIDE_1.17.0/STM32CubeIDE/plugins/com.st.stm32cube.ide.mcu.externaltools.gnu-tools-for-stm32.13.3.rel1.win32_1.0.0.202411081344/tools/bin/../lib/gcc/arm-none-eabi/13.3.1/../../../../arm-none-eabi/lib/thumb/v7e-m+fp/hard\libm.a
END GROUP
START GROUP
LOAD C:/ST/STM32CubeIDE_1.17.0/STM32CubeIDE/plugins/com.st.stm32cube.ide.mcu.externaltools.gnu-tools-for-stm32.13.3.rel1.win32_1.0.0.202411081344/tools/bin/../lib/gcc/arm-none-eabi/13.3.1/thumb/v7e-m+fp/hard\libgcc.a
LOAD C:/ST/STM32CubeIDE_1.17.0/STM32CubeIDE/plugins/com.st.stm32cube.ide.mcu.externaltools.gnu-tools-for-stm32.13.3.rel1.win32_1.0.0.202411081344/tools/bin/../lib/gcc/arm-none-eabi/13.3.1/../../../../arm-none-eabi/lib/thumb/v7e-m+fp/hard\libc_nano.a
END GROUP
START GROUP
LOAD C:/ST/STM32CubeIDE_1.17.0/STM32CubeIDE/plugins/com.st.stm32cube.ide.mcu.externaltools.gnu-tools-for-stm32.13.3.rel1.win32_1.0.0.202411081344/tools/bin/../lib/gcc/arm-none-eabi/13.3.1/thumb/v7e-m+fp/hard\libgcc.a
LOAD C:/ST/STM32CubeIDE_1.17.0/STM32CubeIDE/plugins/com.st.stm32cube.ide.mcu.externaltools.gnu-tools-for-stm32.13.3.rel1.win32_1.0.0.202411081344/tools/bin/../lib/gcc/arm-none-eabi/13.3.1/../../../../arm-none-eabi/lib/thumb/v7e-m+fp/hard\libc_nano.a
LOAD C:/ST/STM32CubeIDE_1.17.0/STM32CubeIDE/plugins/com.st.stm32cube.ide.mcu.externaltools.gnu-tools-for-stm32.13.3.rel1.win32_1.0.0.202411081344/tools/bin/../lib/gcc/arm-none-eabi/13.3.1/../../../../arm-none-eabi/lib/thumb/v7e-m+fp/hard\libnosys.a
END GROUP
START GROUP
LOAD C:/ST/STM32CubeIDE_1.17.0/STM32CubeIDE/plugins/com.st.stm32cube.ide.mcu.externaltools.gnu-tools-for-stm32.13.3.rel1.win32_1.0.0.202411081344/tools/bin/../lib/gcc/arm-none-eabi/13.3.1/thumb/v7e-m+fp/hard\libgcc.a
LOAD C:/ST/STM32CubeIDE_1.17.0/STM32CubeIDE/plugins/com.st.stm32cube.ide.mcu.externaltools.gnu-tools-for-stm32.13.3.rel1.win32_1.0.0.202411081344/tools/bin/../lib/gcc/arm-none-eabi/13.3.1/../../../../arm-none-eabi/lib/thumb/v7e-m+fp/hard\libc_nano.a
LOAD C:/ST/STM32CubeIDE_1.17.0/STM32CubeIDE/plugins/com.st.stm32cube.ide.mcu.externaltools.gnu-tools-for-stm32.13.3.rel1.win32_1.0.0.202411081344/tools/bin/../lib/gcc/arm-none-eabi/13.3.1/../../../../arm-none-eabi/lib/thumb/v7e-m+fp/hard\libnosys.a
END GROUP
LOAD C:/ST/STM32CubeIDE_1.17.0/STM32CubeIDE/plugins/com.st.stm32cube.ide.mcu.externaltools.gnu-tools-for-stm32.13.3.rel1.win32_1.0.0.202411081344/tools/bin/../lib/gcc/arm-none-eabi/13.3.1/thumb/v7e-m+fp/hard/crtend.o
LOAD C:/ST/STM32CubeIDE_1.17.0/STM32CubeIDE/plugins/com.st.stm32cube.ide.mcu.externaltools.gnu-tools-for-stm32.13.3.rel1.win32_1.0.0.202411081344/tools/bin/../lib/gcc/arm-none-eabi/13.3.1/thumb/v7e-m+fp/hard/crtn.o
                0x20020000                        _estack = (ORIGIN (RAM) + LENGTH (RAM))
                0x00000200                        _Min_Heap_Size = 0x200
                0x00000400                        _Min_Stack_Size = 0x400

.isr_vector     0x08000000      0x188
                0x08000000                        . = ALIGN (0x4)
 *(.isr_vector)
 .isr_vector    0x08000000      0x188 ./Core/Startup/startup_stm32f405rgtx.o
                0x08000000                g_pfnVectors
                0x08000188                        . = ALIGN (0x4)

.text           0x08000190    0x10470
                0x08000190                        . = ALIGN (0x4)
 *(.text)
 .text          0x08000190       0x40 C:/ST/STM32CubeIDE_1.17.0/STM32CubeIDE/plugins/com.st.stm32cube.ide.mcu.externaltools.gnu-tools-for-stm32.13.3.rel1.win32_1.0.0.202411081344/tools/bin/../lib/gcc/arm-none-eabi/13.3.1/thumb/v7e-m+fp/hard/crtbegin.o
 .text          0x080001d0       0xa0 C:/ST/STM32CubeIDE_1.17.0/STM32CubeIDE/plugins/com.st.stm32cube.ide.mcu.externaltools.gnu-tools-for-stm32.13.3.rel1.win32_1.0.0.202411081344/tools/bin/../lib/gcc/arm-none-eabi/13.3.1/../../../../arm-none-eabi/lib/thumb/v7e-m+fp/hard\libc_nano.a(libc_a-memchr.o)
                0x080001d0                memchr
 .text          0x08000270       0x10 C:/ST/STM32CubeIDE_1.17.0/STM32CubeIDE/plugins/com.st.stm32cube.ide.mcu.externaltools.gnu-tools-for-stm32.13.3.rel1.win32_1.0.0.202411081344/tools/bin/../lib/gcc/arm-none-eabi/13.3.1/../../../../arm-none-eabi/lib/thumb/v7e-m+fp/hard\libc_nano.a(libc_a-strlen.o)
                0x08000270                strlen
 .text          0x08000280      0x378 C:/ST/STM32CubeIDE_1.17.0/STM32CubeIDE/plugins/com.st.stm32cube.ide.mcu.externaltools.gnu-tools-for-stm32.13.3.rel1.win32_1.0.0.202411081344/tools/bin/../lib/gcc/arm-none-eabi/13.3.1/thumb/v7e-m+fp/hard\libgcc.a(_arm_addsubdf3.o)
                0x08000280                __aeabi_drsub
                0x08000288                __aeabi_dsub
                0x08000288                __subdf3
                0x0800028c                __aeabi_dadd
                0x0800028c                __adddf3
                0x08000504                __floatunsidf
                0x08000504                __aeabi_ui2d
                0x08000524                __floatsidf
                0x08000524                __aeabi_i2d
                0x08000548                __aeabi_f2d
                0x08000548                __extendsfdf2
                0x0800058c                __floatundidf
                0x0800058c                __aeabi_ul2d
                0x0800059c                __floatdidf
                0x0800059c                __aeabi_l2d
 .text          0x080005f8      0x424 C:/ST/STM32CubeIDE_1.17.0/STM32CubeIDE/plugins/com.st.stm32cube.ide.mcu.externaltools.gnu-tools-for-stm32.13.3.rel1.win32_1.0.0.202411081344/tools/bin/../lib/gcc/arm-none-eabi/13.3.1/thumb/v7e-m+fp/hard\libgcc.a(_arm_muldivdf3.o)
                0x080005f8                __aeabi_dmul
                0x080005f8                __muldf3
                0x0800084c                __divdf3
                0x0800084c                __aeabi_ddiv
 .text          0x08000a1c      0x110 C:/ST/STM32CubeIDE_1.17.0/STM32CubeIDE/plugins/com.st.stm32cube.ide.mcu.externaltools.gnu-tools-for-stm32.13.3.rel1.win32_1.0.0.202411081344/tools/bin/../lib/gcc/arm-none-eabi/13.3.1/thumb/v7e-m+fp/hard\libgcc.a(_arm_cmpdf2.o)
                0x08000a1c                __gtdf2
                0x08000a1c                __gedf2
                0x08000a24                __ltdf2
                0x08000a24                __ledf2
                0x08000a2c                __nedf2
                0x08000a2c                __eqdf2
                0x08000a2c                __cmpdf2
                0x08000aa8                __aeabi_cdrcmple
                0x08000ab8                __aeabi_cdcmpeq
                0x08000ab8                __aeabi_cdcmple
                0x08000ac8                __aeabi_dcmpeq
                0x08000adc                __aeabi_dcmplt
                0x08000af0                __aeabi_dcmple
                0x08000b04                __aeabi_dcmpge
                0x08000b18                __aeabi_dcmpgt
 .text          0x08000b2c       0x2c C:/ST/STM32CubeIDE_1.17.0/STM32CubeIDE/plugins/com.st.stm32cube.ide.mcu.externaltools.gnu-tools-for-stm32.13.3.rel1.win32_1.0.0.202411081344/tools/bin/../lib/gcc/arm-none-eabi/13.3.1/thumb/v7e-m+fp/hard\libgcc.a(_arm_unorddf2.o)
                0x08000b2c                __unorddf2
                0x08000b2c                __aeabi_dcmpun
 .text          0x08000b58       0x50 C:/ST/STM32CubeIDE_1.17.0/STM32CubeIDE/plugins/com.st.stm32cube.ide.mcu.externaltools.gnu-tools-for-stm32.13.3.rel1.win32_1.0.0.202411081344/tools/bin/../lib/gcc/arm-none-eabi/13.3.1/thumb/v7e-m+fp/hard\libgcc.a(_arm_fixdfsi.o)
                0x08000b58                __aeabi_d2iz
                0x08000b58                __fixdfsi
 .text          0x08000ba8       0xa0 C:/ST/STM32CubeIDE_1.17.0/STM32CubeIDE/plugins/com.st.stm32cube.ide.mcu.externaltools.gnu-tools-for-stm32.13.3.rel1.win32_1.0.0.202411081344/tools/bin/../lib/gcc/arm-none-eabi/13.3.1/thumb/v7e-m+fp/hard\libgcc.a(_arm_truncdfsf2.o)
                0x08000ba8                __truncdfsf2
                0x08000ba8                __aeabi_d2f
 .text          0x08000c48       0x30 C:/ST/STM32CubeIDE_1.17.0/STM32CubeIDE/plugins/com.st.stm32cube.ide.mcu.externaltools.gnu-tools-for-stm32.13.3.rel1.win32_1.0.0.202411081344/tools/bin/../lib/gcc/arm-none-eabi/13.3.1/thumb/v7e-m+fp/hard\libgcc.a(_aeabi_uldivmod.o)
                0x08000c48                __aeabi_uldivmod
 .text          0x08000c78       0x40 C:/ST/STM32CubeIDE_1.17.0/STM32CubeIDE/plugins/com.st.stm32cube.ide.mcu.externaltools.gnu-tools-for-stm32.13.3.rel1.win32_1.0.0.202411081344/tools/bin/../lib/gcc/arm-none-eabi/13.3.1/thumb/v7e-m+fp/hard\libgcc.a(_fixunssfdi.o)
                0x08000c78                __fixunssfdi
                0x08000c78                __aeabi_f2ulz
 .text          0x08000cb8      0x2f8 C:/ST/STM32CubeIDE_1.17.0/STM32CubeIDE/plugins/com.st.stm32cube.ide.mcu.externaltools.gnu-tools-for-stm32.13.3.rel1.win32_1.0.0.202411081344/tools/bin/../lib/gcc/arm-none-eabi/13.3.1/thumb/v7e-m+fp/hard\libgcc.a(_udivmoddi4.o)
                0x08000cb8                __udivmoddi4
 .text          0x08000fb0        0x4 C:/ST/STM32CubeIDE_1.17.0/STM32CubeIDE/plugins/com.st.stm32cube.ide.mcu.externaltools.gnu-tools-for-stm32.13.3.rel1.win32_1.0.0.202411081344/tools/bin/../lib/gcc/arm-none-eabi/13.3.1/thumb/v7e-m+fp/hard\libgcc.a(_dvmd_tls.o)
                0x08000fb0                __aeabi_idiv0
                0x08000fb0                __aeabi_ldiv0
 .text          0x08000fb4       0x40 C:/ST/STM32CubeIDE_1.17.0/STM32CubeIDE/plugins/com.st.stm32cube.ide.mcu.externaltools.gnu-tools-for-stm32.13.3.rel1.win32_1.0.0.202411081344/tools/bin/../lib/gcc/arm-none-eabi/13.3.1/thumb/v7e-m+fp/hard\libgcc.a(_arm_fixunsdfsi.o)
                0x08000fb4                __aeabi_d2uiz
                0x08000fb4                __fixunsdfsi
 *(.text*)
 .text.Pec15_Calc
                0x08000ff4       0x68 ./Core/Src/adbms_driver.o
                0x08000ff4                Pec15_Calc
 .text.Pec10_Calc
                0x0800105c       0xd8 ./Core/Src/adbms_driver.o
                0x0800105c                Pec10_Calc
 *fill*         0x08001134        0x4 
 .text.Set_UnderOver_Voltage_Threshold
                0x08001138       0x80 ./Core/Src/adbms_driver.o
                0x08001138                Set_UnderOver_Voltage_Threshold
 .text.ADBMS_getVoltage
                0x080011b8       0x48 ./Core/Src/adbms_driver.o
                0x080011b8                ADBMS_getVoltage
 .text.ADBMS_Init
                0x08001200       0x2c ./Core/Src/adbms_driver.o
                0x08001200                ADBMS_Init
 .text.ADBMS_Set_Config_A
                0x0800122c      0x216 ./Core/Src/adbms_driver.o
                0x0800122c                ADBMS_Set_Config_A
 .text.ADBMS_Set_Config_B
                0x08001442      0x15e ./Core/Src/adbms_driver.o
                0x08001442                ADBMS_Set_Config_B
 .text.ADBMS_Set_ADCV
                0x080015a0       0x84 ./Core/Src/adbms_driver.o
                0x080015a0                ADBMS_Set_ADCV
 .text.ADBMS_Set_ADSV
                0x08001624       0x5e ./Core/Src/adbms_driver.o
                0x08001624                ADBMS_Set_ADSV
 .text.ADBMS_Set_ADAX
                0x08001682       0x76 ./Core/Src/adbms_driver.o
                0x08001682                ADBMS_Set_ADAX
 .text.ADBMS_Pack_CMD
                0x080016f8       0x50 ./Core/Src/adbms_driver.o
                0x080016f8                ADBMS_Pack_CMD
 .text.ADBMS_Pack_Write_Data_RegGrp
                0x08001748       0xca ./Core/Src/adbms_driver.o
                0x08001748                ADBMS_Pack_Write_Data_RegGrp
 .text.ADBMS_Process_Read_Data_RegGrp
                0x08001812       0xce ./Core/Src/adbms_driver.o
                0x08001812                ADBMS_Process_Read_Data_RegGrp
 .text.ADBMS_WakeUP_ICs_Polling
                0x080018e0       0x48 ./Core/Src/adbms_driver.o
                0x080018e0                ADBMS_WakeUP_ICs_Polling
 .text.ADBMS_Write_CMD_Polling
                0x08001928       0x4c ./Core/Src/adbms_driver.o
                0x08001928                ADBMS_Write_CMD_Polling
 .text.ADBMS_Write_Data_RegGrp_Polling
                0x08001974       0x4c ./Core/Src/adbms_driver.o
                0x08001974                ADBMS_Write_Data_RegGrp_Polling
 .text.ADBMS_Read_Data_RegGrp_Polling
                0x080019c0       0x90 ./Core/Src/adbms_driver.o
                0x080019c0                ADBMS_Read_Data_RegGrp_Polling
 .text.ADBMS_Interface_Initialize
                0x08001a50      0x1fc ./Core/Src/adbms_interface.o
                0x08001a50                ADBMS_Interface_Initialize
 *fill*         0x08001c4c        0x4 
 .text.UpdateADInternalFault
                0x08001c50       0xe8 ./Core/Src/adbms_interface.o
                0x08001c50                UpdateADInternalFault
 .text.ADBMS_UpdateVoltages
                0x08001d38      0x108 ./Core/Src/adbms_interface.o
                0x08001d38                ADBMS_UpdateVoltages
 .text.ADBMS_UpdateTemps
                0x08001e40       0xf4 ./Core/Src/adbms_interface.o
                0x08001e40                ADBMS_UpdateTemps
 .text.ADBMS_CalculateValues_Voltages
                0x08001f34      0x1f8 ./Core/Src/adbms_interface.o
                0x08001f34                ADBMS_CalculateValues_Voltages
 *fill*         0x0800212c        0x4 
 .text.ADBMS_CalculateValues_Temps
                0x08002130      0x270 ./Core/Src/adbms_interface.o
                0x08002130                ADBMS_CalculateValues_Temps
 .text.cellBalanceOff
                0x080023a0       0x6c ./Core/Src/adbms_interface.o
                0x080023a0                cellBalanceOff
 .text.UpdateOWCFault
                0x0800240c      0x500 ./Core/Src/adbms_interface.o
                0x0800240c                UpdateOWCFault
 .text.ADBMS_Print_Vals
                0x0800290c      0x240 ./Core/Src/adbms_interface.o
                0x0800290c                ADBMS_Print_Vals
 .text.bms_mainbaord_setup
                0x08002b4c      0x100 ./Core/Src/bms.o
                0x08002b4c                bms_mainbaord_setup
 .text.tick_mainboard_timers
                0x08002c4c       0x18 ./Core/Src/bms.o
                0x08002c4c                tick_mainboard_timers
 .text.bms_mainboard_loop
                0x08002c64       0x10 ./Core/Src/bms.o
                0x08002c64                bms_mainboard_loop
 .text.adbms_owc_loop
                0x08002c74       0x14 ./Core/Src/bms.o
                0x08002c74                adbms_owc_loop
 .text.UpdateValues
                0x08002c88       0xdc ./Core/Src/bms.o
                0x08002c88                UpdateValues
 .text.CheckFaults
                0x08002d64       0xcc ./Core/Src/bms.o
                0x08002d64                CheckFaults
 .text.send_data_over_printf
                0x08002e30       0x2c ./Core/Src/bms.o
                0x08002e30                send_data_over_printf
 .text.BMS_Initialize_Can
                0x08002e5c       0xfc ./Core/Src/bms_can.o
                0x08002e5c                BMS_Initialize_Can
 .text.send_can_messages
                0x08002f58       0x32 ./Core/Src/bms_can.o
                0x08002f58                send_can_messages
 *fill*         0x08002f8a        0x2 
 .text.drive_can_loop
                0x08002f8c       0x70 ./Core/Src/bms_can.o
                0x08002f8c                drive_can_loop
 .text.data_can_loop
                0x08002ffc       0xb0 ./Core/Src/bms_can.o
                0x08002ffc                data_can_loop
 .text.populateBMS_SOC
                0x080030ac      0x108 ./Core/Src/bms_can.o
                0x080030ac                populateBMS_SOC
 .text.populateBMS_Faults
                0x080031b4      0x1ec ./Core/Src/bms_can.o
                0x080031b4                populateBMS_Faults
 .text.populateBMS_Status
                0x080033a0      0x168 ./Core/Src/bms_can.o
                0x080033a0                populateBMS_Status
 .text.populateBMS_VoltageMessages
                0x08003508      0x100 ./Core/Src/bms_can.o
                0x08003508                populateBMS_VoltageMessages
 .text.populateBMS_TemperatureMessages
                0x08003608       0xdc ./Core/Src/bms_can.o
                0x08003608                populateBMS_TemperatureMessages
 *fill*         0x080036e4        0x4 
 .text.getCurrent
                0x080036e8       0xe0 ./Core/Src/current_driver.o
                0x080036e8                getCurrent
 .text.getCurrentOffset
                0x080037c8       0x50 ./Core/Src/current_driver.o
                0x080037c8                getCurrentOffset
 .text.ITM_SendChar
                0x08003818       0x4e ./Core/Src/main.o
 .text._write   0x08003866       0x38 ./Core/Src/main.o
                0x08003866                _write
 *fill*         0x0800389e        0x2 
 .text.main     0x080038a0       0x7c ./Core/Src/main.o
                0x080038a0                main
 .text.SystemClock_Config
                0x0800391c       0xd4 ./Core/Src/main.o
                0x0800391c                SystemClock_Config
 .text.MX_ADC1_Init
                0x080039f0       0xa4 ./Core/Src/main.o
 .text.MX_CAN1_Init
                0x08003a94       0xa4 ./Core/Src/main.o
 .text.MX_CAN2_Init
                0x08003b38       0x6c ./Core/Src/main.o
 .text.MX_SPI1_Init
                0x08003ba4       0x6c ./Core/Src/main.o
 .text.MX_TIM2_Init
                0x08003c10       0x98 ./Core/Src/main.o
 .text.MX_DMA_Init
                0x08003ca8       0x50 ./Core/Src/main.o
 .text.MX_GPIO_Init
                0x08003cf8      0x14c ./Core/Src/main.o
 .text.Error_Handler
                0x08003e44        0xc ./Core/Src/main.o
                0x08003e44                Error_Handler
 .text.populateRawMessage
                0x08003e50       0x52 ./Core/Src/nfr_can_driver.o
                0x08003e50                populateRawMessage
 .text.generateMask
                0x08003ea2       0x6c ./Core/Src/nfr_can_driver.o
                0x08003ea2                generateMask
 .text.encodeSignals
                0x08003f0e      0x100 ./Core/Src/nfr_can_driver.o
                0x08003f0e                encodeSignals
 *fill*         0x0800400e        0x2 
 .text.HAL_MspInit
                0x08004010       0x50 ./Core/Src/stm32f4xx_hal_msp.o
                0x08004010                HAL_MspInit
 .text.HAL_ADC_MspInit
                0x08004060       0x88 ./Core/Src/stm32f4xx_hal_msp.o
                0x08004060                HAL_ADC_MspInit
 .text.HAL_CAN_MspInit
                0x080040e8      0x150 ./Core/Src/stm32f4xx_hal_msp.o
                0x080040e8                HAL_CAN_MspInit
 .text.HAL_SPI_MspInit
                0x08004238      0x15c ./Core/Src/stm32f4xx_hal_msp.o
                0x08004238                HAL_SPI_MspInit
 .text.HAL_TIM_Base_MspInit
                0x08004394       0x40 ./Core/Src/stm32f4xx_hal_msp.o
                0x08004394                HAL_TIM_Base_MspInit
 .text.NMI_Handler
                0x080043d4       0x18 ./Core/Src/stm32f4xx_it.o
                0x080043d4                NMI_Handler
 .text.HardFault_Handler
                0x080043ec       0x18 ./Core/Src/stm32f4xx_it.o
                0x080043ec                HardFault_Handler
 .text.MemManage_Handler
                0x08004404       0x18 ./Core/Src/stm32f4xx_it.o
                0x08004404                MemManage_Handler
 .text.BusFault_Handler
                0x0800441c       0x18 ./Core/Src/stm32f4xx_it.o
                0x0800441c                BusFault_Handler
 .text.UsageFault_Handler
                0x08004434       0x18 ./Core/Src/stm32f4xx_it.o
                0x08004434                UsageFault_Handler
 .text.SVC_Handler
                0x0800444c        0xe ./Core/Src/stm32f4xx_it.o
                0x0800444c                SVC_Handler
 .text.DebugMon_Handler
                0x0800445a        0xe ./Core/Src/stm32f4xx_it.o
                0x0800445a                DebugMon_Handler
 .text.PendSV_Handler
                0x08004468        0xe ./Core/Src/stm32f4xx_it.o
                0x08004468                PendSV_Handler
 .text.SysTick_Handler
                0x08004476        0xc ./Core/Src/stm32f4xx_it.o
                0x08004476                SysTick_Handler
 *fill*         0x08004482        0x2 
 .text.CAN1_RX0_IRQHandler
                0x08004484       0x14 ./Core/Src/stm32f4xx_it.o
                0x08004484                CAN1_RX0_IRQHandler
 .text.DMA2_Stream0_IRQHandler
                0x08004498       0x14 ./Core/Src/stm32f4xx_it.o
                0x08004498                DMA2_Stream0_IRQHandler
 .text.DMA2_Stream3_IRQHandler
                0x080044ac       0x14 ./Core/Src/stm32f4xx_it.o
                0x080044ac                DMA2_Stream3_IRQHandler
 .text.OTG_FS_IRQHandler
                0x080044c0       0x14 ./Core/Src/stm32f4xx_it.o
                0x080044c0                OTG_FS_IRQHandler
 .text._getpid  0x080044d4       0x10 ./Core/Src/syscalls.o
                0x080044d4                _getpid
 .text._kill    0x080044e4       0x20 ./Core/Src/syscalls.o
                0x080044e4                _kill
 .text._exit    0x08004504       0x16 ./Core/Src/syscalls.o
                0x08004504                _exit
 .text._read    0x0800451a       0x3a ./Core/Src/syscalls.o
                0x0800451a                _read
 .text._close   0x08004554       0x18 ./Core/Src/syscalls.o
                0x08004554                _close
 .text._fstat   0x0800456c       0x20 ./Core/Src/syscalls.o
                0x0800456c                _fstat
 .text._isatty  0x0800458c       0x16 ./Core/Src/syscalls.o
                0x0800458c                _isatty
 .text._lseek   0x080045a2       0x1a ./Core/Src/syscalls.o
                0x080045a2                _lseek
 .text._sbrk    0x080045bc       0x6c ./Core/Src/sysmem.o
                0x080045bc                _sbrk
 .text.SystemInit
                0x08004628       0x24 ./Core/Src/system_stm32f4xx.o
                0x08004628                SystemInit
 *fill*         0x0800464c        0x4 
 .text.getTemp  0x08004650      0x110 ./Core/Src/thermistor_driver.o
                0x08004650                getTemp
 .text.CreateTimer
                0x08004760       0x36 ./Core/Src/virtual_timer.o
                0x08004760                CreateTimer
 .text.CreateTimerGroup
                0x08004796       0x32 ./Core/Src/virtual_timer.o
                0x08004796                CreateTimerGroup
 .text.TickTimerGroup
                0x080047c8       0x7a ./Core/Src/virtual_timer.o
                0x080047c8                TickTimerGroup
 *fill*         0x08004842        0x2 
 .text.Reset_Handler
                0x08004844       0x50 ./Core/Startup/startup_stm32f405rgtx.o
                0x08004844                Reset_Handler
 .text.Default_Handler
                0x08004894        0x2 ./Core/Startup/startup_stm32f405rgtx.o
                0x08004894                RTC_Alarm_IRQHandler
                0x08004894                HASH_RNG_IRQHandler
                0x08004894                EXTI2_IRQHandler
                0x08004894                TIM8_CC_IRQHandler
                0x08004894                TIM1_CC_IRQHandler
                0x08004894                DMA2_Stream5_IRQHandler
                0x08004894                DMA1_Stream5_IRQHandler
                0x08004894                PVD_IRQHandler
                0x08004894                SDIO_IRQHandler
                0x08004894                TAMP_STAMP_IRQHandler
                0x08004894                CAN2_RX1_IRQHandler
                0x08004894                EXTI3_IRQHandler
                0x08004894                TIM8_TRG_COM_TIM14_IRQHandler
                0x08004894                TIM1_UP_TIM10_IRQHandler
                0x08004894                TIM8_UP_TIM13_IRQHandler
                0x08004894                I2C3_ER_IRQHandler
                0x08004894                EXTI0_IRQHandler
                0x08004894                I2C2_EV_IRQHandler
                0x08004894                DMA1_Stream2_IRQHandler
                0x08004894                FPU_IRQHandler
                0x08004894                OTG_HS_WKUP_IRQHandler
                0x08004894                CAN2_SCE_IRQHandler
                0x08004894                DMA2_Stream2_IRQHandler
                0x08004894                SPI1_IRQHandler
                0x08004894                TIM6_DAC_IRQHandler
                0x08004894                TIM1_BRK_TIM9_IRQHandler
                0x08004894                CAN2_RX0_IRQHandler
                0x08004894                USART6_IRQHandler
                0x08004894                USART3_IRQHandler
                0x08004894                CAN1_RX1_IRQHandler
                0x08004894                UART5_IRQHandler
                0x08004894                TIM4_IRQHandler
                0x08004894                I2C1_EV_IRQHandler
                0x08004894                DMA1_Stream6_IRQHandler
                0x08004894                DMA1_Stream1_IRQHandler
                0x08004894                UART4_IRQHandler
                0x08004894                TIM3_IRQHandler
                0x08004894                RCC_IRQHandler
                0x08004894                TIM8_BRK_TIM12_IRQHandler
                0x08004894                Default_Handler
                0x08004894                EXTI15_10_IRQHandler
                0x08004894                ADC_IRQHandler
                0x08004894                DMA1_Stream7_IRQHandler
                0x08004894                TIM7_IRQHandler
                0x08004894                CAN2_TX_IRQHandler
                0x08004894                TIM5_IRQHandler
                0x08004894                DMA2_Stream7_IRQHandler
                0x08004894                I2C3_EV_IRQHandler
                0x08004894                EXTI9_5_IRQHandler
                0x08004894                RTC_WKUP_IRQHandler
                0x08004894                SPI2_IRQHandler
                0x08004894                OTG_HS_EP1_IN_IRQHandler
                0x08004894                DMA1_Stream0_IRQHandler
                0x08004894                CAN1_TX_IRQHandler
                0x08004894                EXTI4_IRQHandler
                0x08004894                FSMC_IRQHandler
                0x08004894                OTG_HS_EP1_OUT_IRQHandler
                0x08004894                WWDG_IRQHandler
                0x08004894                TIM2_IRQHandler
                0x08004894                OTG_FS_WKUP_IRQHandler
                0x08004894                TIM1_TRG_COM_TIM11_IRQHandler
                0x08004894                OTG_HS_IRQHandler
                0x08004894                EXTI1_IRQHandler
                0x08004894                USART2_IRQHandler
                0x08004894                I2C2_ER_IRQHandler
                0x08004894                DMA2_Stream1_IRQHandler
                0x08004894                CAN1_SCE_IRQHandler
                0x08004894                FLASH_IRQHandler
                0x08004894                DMA2_Stream4_IRQHandler
                0x08004894                USART1_IRQHandler
                0x08004894                SPI3_IRQHandler
                0x08004894                DMA1_Stream4_IRQHandler
                0x08004894                I2C1_ER_IRQHandler
                0x08004894                DMA2_Stream6_IRQHandler
                0x08004894                DMA1_Stream3_IRQHandler
 *fill*         0x08004896        0x2 
 .text.HAL_Init
                0x08004898       0x44 ./Drivers/STM32F4xx_HAL_Driver/Src/stm32f4xx_hal.o
                0x08004898                HAL_Init
 .text.HAL_InitTick
                0x080048dc       0x60 ./Drivers/STM32F4xx_HAL_Driver/Src/stm32f4xx_hal.o
                0x080048dc                HAL_InitTick
 .text.HAL_IncTick
                0x0800493c       0x28 ./Drivers/STM32F4xx_HAL_Driver/Src/stm32f4xx_hal.o
                0x0800493c                HAL_IncTick
 .text.HAL_GetTick
                0x08004964       0x18 ./Drivers/STM32F4xx_HAL_Driver/Src/stm32f4xx_hal.o
                0x08004964                HAL_GetTick
 .text.HAL_Delay
                0x0800497c       0x48 ./Drivers/STM32F4xx_HAL_Driver/Src/stm32f4xx_hal.o
                0x0800497c                HAL_Delay
 .text.HAL_ADC_Init
                0x080049c4       0x86 ./Drivers/STM32F4xx_HAL_Driver/Src/stm32f4xx_hal_adc.o
                0x080049c4                HAL_ADC_Init
 *fill*         0x08004a4a        0x2 
 .text.HAL_ADC_Start
                0x08004a4c      0x1a4 ./Drivers/STM32F4xx_HAL_Driver/Src/stm32f4xx_hal_adc.o
                0x08004a4c                HAL_ADC_Start
 .text.HAL_ADC_Stop
                0x08004bf0       0x66 ./Drivers/STM32F4xx_HAL_Driver/Src/stm32f4xx_hal_adc.o
                0x08004bf0                HAL_ADC_Stop
 .text.HAL_ADC_PollForConversion
                0x08004c56      0x116 ./Drivers/STM32F4xx_HAL_Driver/Src/stm32f4xx_hal_adc.o
                0x08004c56                HAL_ADC_PollForConversion
 .text.HAL_ADC_GetValue
                0x08004d6c       0x1a ./Drivers/STM32F4xx_HAL_Driver/Src/stm32f4xx_hal_adc.o
                0x08004d6c                HAL_ADC_GetValue
 *fill*         0x08004d86        0x2 
 .text.HAL_ADC_ConfigChannel
                0x08004d88      0x244 ./Drivers/STM32F4xx_HAL_Driver/Src/stm32f4xx_hal_adc.o
                0x08004d88                HAL_ADC_ConfigChannel
 .text.ADC_Init
                0x08004fcc      0x1f8 ./Drivers/STM32F4xx_HAL_Driver/Src/stm32f4xx_hal_adc.o
 .text.HAL_CAN_Init
                0x080051c4      0x1f6 ./Drivers/STM32F4xx_HAL_Driver/Src/stm32f4xx_hal_can.o
                0x080051c4                HAL_CAN_Init
 *fill*         0x080053ba        0x2 
 .text.HAL_CAN_ConfigFilter
                0x080053bc      0x1c0 ./Drivers/STM32F4xx_HAL_Driver/Src/stm32f4xx_hal_can.o
                0x080053bc                HAL_CAN_ConfigFilter
 .text.HAL_CAN_Start
                0x0800557c       0x88 ./Drivers/STM32F4xx_HAL_Driver/Src/stm32f4xx_hal_can.o
                0x0800557c                HAL_CAN_Start
 .text.HAL_CAN_AddTxMessage
                0x08005604      0x1a0 ./Drivers/STM32F4xx_HAL_Driver/Src/stm32f4xx_hal_can.o
                0x08005604                HAL_CAN_AddTxMessage
 .text.HAL_CAN_ActivateNotification
                0x080057a4       0x4c ./Drivers/STM32F4xx_HAL_Driver/Src/stm32f4xx_hal_can.o
                0x080057a4                HAL_CAN_ActivateNotification
 .text.HAL_CAN_IRQHandler
                0x080057f0      0x36e ./Drivers/STM32F4xx_HAL_Driver/Src/stm32f4xx_hal_can.o
                0x080057f0                HAL_CAN_IRQHandler
 .text.HAL_CAN_TxMailbox0CompleteCallback
                0x08005b5e       0x14 ./Drivers/STM32F4xx_HAL_Driver/Src/stm32f4xx_hal_can.o
                0x08005b5e                HAL_CAN_TxMailbox0CompleteCallback
 .text.HAL_CAN_TxMailbox1CompleteCallback
                0x08005b72       0x14 ./Drivers/STM32F4xx_HAL_Driver/Src/stm32f4xx_hal_can.o
                0x08005b72                HAL_CAN_TxMailbox1CompleteCallback
 .text.HAL_CAN_TxMailbox2CompleteCallback
                0x08005b86       0x14 ./Drivers/STM32F4xx_HAL_Driver/Src/stm32f4xx_hal_can.o
                0x08005b86                HAL_CAN_TxMailbox2CompleteCallback
 .text.HAL_CAN_TxMailbox0AbortCallback
                0x08005b9a       0x14 ./Drivers/STM32F4xx_HAL_Driver/Src/stm32f4xx_hal_can.o
                0x08005b9a                HAL_CAN_TxMailbox0AbortCallback
 .text.HAL_CAN_TxMailbox1AbortCallback
                0x08005bae       0x14 ./Drivers/STM32F4xx_HAL_Driver/Src/stm32f4xx_hal_can.o
                0x08005bae                HAL_CAN_TxMailbox1AbortCallback
 .text.HAL_CAN_TxMailbox2AbortCallback
                0x08005bc2       0x14 ./Drivers/STM32F4xx_HAL_Driver/Src/stm32f4xx_hal_can.o
                0x08005bc2                HAL_CAN_TxMailbox2AbortCallback
 .text.HAL_CAN_RxFifo0MsgPendingCallback
                0x08005bd6       0x14 ./Drivers/STM32F4xx_HAL_Driver/Src/stm32f4xx_hal_can.o
                0x08005bd6                HAL_CAN_RxFifo0MsgPendingCallback
 .text.HAL_CAN_RxFifo0FullCallback
                0x08005bea       0x14 ./Drivers/STM32F4xx_HAL_Driver/Src/stm32f4xx_hal_can.o
                0x08005bea                HAL_CAN_RxFifo0FullCallback
 .text.HAL_CAN_RxFifo1MsgPendingCallback
                0x08005bfe       0x14 ./Drivers/STM32F4xx_HAL_Driver/Src/stm32f4xx_hal_can.o
                0x08005bfe                HAL_CAN_RxFifo1MsgPendingCallback
 .text.HAL_CAN_RxFifo1FullCallback
                0x08005c12       0x14 ./Drivers/STM32F4xx_HAL_Driver/Src/stm32f4xx_hal_can.o
                0x08005c12                HAL_CAN_RxFifo1FullCallback
 .text.HAL_CAN_SleepCallback
                0x08005c26       0x14 ./Drivers/STM32F4xx_HAL_Driver/Src/stm32f4xx_hal_can.o
                0x08005c26                HAL_CAN_SleepCallback
 .text.HAL_CAN_WakeUpFromRxMsgCallback
                0x08005c3a       0x14 ./Drivers/STM32F4xx_HAL_Driver/Src/stm32f4xx_hal_can.o
                0x08005c3a                HAL_CAN_WakeUpFromRxMsgCallback
 .text.HAL_CAN_ErrorCallback
                0x08005c4e       0x14 ./Drivers/STM32F4xx_HAL_Driver/Src/stm32f4xx_hal_can.o
                0x08005c4e                HAL_CAN_ErrorCallback
 *fill*         0x08005c62        0x2 
 .text.__NVIC_SetPriorityGrouping
                0x08005c64       0x48 ./Drivers/STM32F4xx_HAL_Driver/Src/stm32f4xx_hal_cortex.o
 .text.__NVIC_GetPriorityGrouping
                0x08005cac       0x1c ./Drivers/STM32F4xx_HAL_Driver/Src/stm32f4xx_hal_cortex.o
 .text.__NVIC_EnableIRQ
                0x08005cc8       0x3c ./Drivers/STM32F4xx_HAL_Driver/Src/stm32f4xx_hal_cortex.o
 .text.__NVIC_SetPriority
                0x08005d04       0x54 ./Drivers/STM32F4xx_HAL_Driver/Src/stm32f4xx_hal_cortex.o
 .text.NVIC_EncodePriority
                0x08005d58       0x66 ./Drivers/STM32F4xx_HAL_Driver/Src/stm32f4xx_hal_cortex.o
 *fill*         0x08005dbe        0x2 
 .text.SysTick_Config
                0x08005dc0       0x44 ./Drivers/STM32F4xx_HAL_Driver/Src/stm32f4xx_hal_cortex.o
 .text.HAL_NVIC_SetPriorityGrouping
                0x08005e04       0x16 ./Drivers/STM32F4xx_HAL_Driver/Src/stm32f4xx_hal_cortex.o
                0x08005e04                HAL_NVIC_SetPriorityGrouping
 .text.HAL_NVIC_SetPriority
                0x08005e1a       0x38 ./Drivers/STM32F4xx_HAL_Driver/Src/stm32f4xx_hal_cortex.o
                0x08005e1a                HAL_NVIC_SetPriority
 .text.HAL_NVIC_EnableIRQ
                0x08005e52       0x1c ./Drivers/STM32F4xx_HAL_Driver/Src/stm32f4xx_hal_cortex.o
                0x08005e52                HAL_NVIC_EnableIRQ
 .text.HAL_SYSTICK_Config
                0x08005e6e       0x18 ./Drivers/STM32F4xx_HAL_Driver/Src/stm32f4xx_hal_cortex.o
                0x08005e6e                HAL_SYSTICK_Config
 *fill*         0x08005e86        0x2 
 .text.HAL_DMA_Init
                0x08005e88      0x15c ./Drivers/STM32F4xx_HAL_Driver/Src/stm32f4xx_hal_dma.o
                0x08005e88                HAL_DMA_Init
 .text.HAL_DMA_IRQHandler
                0x08005fe4      0x314 ./Drivers/STM32F4xx_HAL_Driver/Src/stm32f4xx_hal_dma.o
                0x08005fe4                HAL_DMA_IRQHandler
 .text.DMA_CalcBaseAndBitshift
                0x080062f8       0x6c ./Drivers/STM32F4xx_HAL_Driver/Src/stm32f4xx_hal_dma.o
 .text.DMA_CheckFifoParam
                0x08006364       0xf8 ./Drivers/STM32F4xx_HAL_Driver/Src/stm32f4xx_hal_dma.o
 .text.HAL_GPIO_Init
                0x0800645c      0x338 ./Drivers/STM32F4xx_HAL_Driver/Src/stm32f4xx_hal_gpio.o
                0x0800645c                HAL_GPIO_Init
 .text.HAL_GPIO_ReadPin
                0x08006794       0x30 ./Drivers/STM32F4xx_HAL_Driver/Src/stm32f4xx_hal_gpio.o
                0x08006794                HAL_GPIO_ReadPin
 .text.HAL_GPIO_WritePin
                0x080067c4       0x32 ./Drivers/STM32F4xx_HAL_Driver/Src/stm32f4xx_hal_gpio.o
                0x080067c4                HAL_GPIO_WritePin
 .text.HAL_PCD_Init
                0x080067f6      0x21e ./Drivers/STM32F4xx_HAL_Driver/Src/stm32f4xx_hal_pcd.o
                0x080067f6                HAL_PCD_Init
 .text.HAL_PCD_Start
                0x08006a14       0x6a ./Drivers/STM32F4xx_HAL_Driver/Src/stm32f4xx_hal_pcd.o
                0x08006a14                HAL_PCD_Start
 .text.HAL_PCD_IRQHandler
                0x08006a7e      0x942 ./Drivers/STM32F4xx_HAL_Driver/Src/stm32f4xx_hal_pcd.o
                0x08006a7e                HAL_PCD_IRQHandler
 .text.HAL_PCD_SetAddress
                0x080073c0       0x48 ./Drivers/STM32F4xx_HAL_Driver/Src/stm32f4xx_hal_pcd.o
                0x080073c0                HAL_PCD_SetAddress
 .text.HAL_PCD_EP_Open
                0x08007408       0xd4 ./Drivers/STM32F4xx_HAL_Driver/Src/stm32f4xx_hal_pcd.o
                0x08007408                HAL_PCD_EP_Open
 .text.HAL_PCD_EP_Close
                0x080074dc       0x94 ./Drivers/STM32F4xx_HAL_Driver/Src/stm32f4xx_hal_pcd.o
                0x080074dc                HAL_PCD_EP_Close
 .text.HAL_PCD_EP_Receive
                0x08007570       0x76 ./Drivers/STM32F4xx_HAL_Driver/Src/stm32f4xx_hal_pcd.o
                0x08007570                HAL_PCD_EP_Receive
 .text.HAL_PCD_EP_GetRxCount
                0x080075e6       0x30 ./Drivers/STM32F4xx_HAL_Driver/Src/stm32f4xx_hal_pcd.o
                0x080075e6                HAL_PCD_EP_GetRxCount
 .text.HAL_PCD_EP_Transmit
                0x08007616       0x74 ./Drivers/STM32F4xx_HAL_Driver/Src/stm32f4xx_hal_pcd.o
                0x08007616                HAL_PCD_EP_Transmit
 .text.HAL_PCD_EP_SetStall
                0x0800768a       0xc6 ./Drivers/STM32F4xx_HAL_Driver/Src/stm32f4xx_hal_pcd.o
                0x0800768a                HAL_PCD_EP_SetStall
 .text.HAL_PCD_EP_ClrStall
                0x08007750       0xac ./Drivers/STM32F4xx_HAL_Driver/Src/stm32f4xx_hal_pcd.o
                0x08007750                HAL_PCD_EP_ClrStall
 .text.HAL_PCD_EP_Abort
                0x080077fc       0x62 ./Drivers/STM32F4xx_HAL_Driver/Src/stm32f4xx_hal_pcd.o
                0x080077fc                HAL_PCD_EP_Abort
 .text.PCD_WriteEmptyTxFifo
                0x0800785e      0x118 ./Drivers/STM32F4xx_HAL_Driver/Src/stm32f4xx_hal_pcd.o
 *fill*         0x08007976        0x2 
 .text.PCD_EP_OutXfrComplete_int
                0x08007978      0x1d0 ./Drivers/STM32F4xx_HAL_Driver/Src/stm32f4xx_hal_pcd.o
 .text.PCD_EP_OutSetupPacket_int
                0x08007b48       0x8c ./Drivers/STM32F4xx_HAL_Driver/Src/stm32f4xx_hal_pcd.o
 .text.HAL_PCDEx_SetTxFiFo
                0x08007bd4       0x8e ./Drivers/STM32F4xx_HAL_Driver/Src/stm32f4xx_hal_pcd_ex.o
                0x08007bd4                HAL_PCDEx_SetTxFiFo
 .text.HAL_PCDEx_SetRxFiFo
                0x08007c62       0x22 ./Drivers/STM32F4xx_HAL_Driver/Src/stm32f4xx_hal_pcd_ex.o
                0x08007c62                HAL_PCDEx_SetRxFiFo
 .text.HAL_PCDEx_LPM_Callback
                0x08007c84       0x18 ./Drivers/STM32F4xx_HAL_Driver/Src/stm32f4xx_hal_pcd_ex.o
                0x08007c84                HAL_PCDEx_LPM_Callback
 .text.HAL_RCC_OscConfig
                0x08007c9c      0x4f0 ./Drivers/STM32F4xx_HAL_Driver/Src/stm32f4xx_hal_rcc.o
                0x08007c9c                HAL_RCC_OscConfig
 .text.HAL_RCC_ClockConfig
                0x0800818c      0x1cc ./Drivers/STM32F4xx_HAL_Driver/Src/stm32f4xx_hal_rcc.o
                0x0800818c                HAL_RCC_ClockConfig
 .text.HAL_RCC_GetSysClockFreq
                0x08008358      0x20c ./Drivers/STM32F4xx_HAL_Driver/Src/stm32f4xx_hal_rcc.o
                0x08008358                HAL_RCC_GetSysClockFreq
 .text.HAL_RCC_GetHCLKFreq
                0x08008564       0x18 ./Drivers/STM32F4xx_HAL_Driver/Src/stm32f4xx_hal_rcc.o
                0x08008564                HAL_RCC_GetHCLKFreq
 .text.HAL_SPI_Init
                0x0800857c      0x112 ./Drivers/STM32F4xx_HAL_Driver/Src/stm32f4xx_hal_spi.o
                0x0800857c                HAL_SPI_Init
 .text.HAL_SPI_Transmit
                0x0800868e      0x288 ./Drivers/STM32F4xx_HAL_Driver/Src/stm32f4xx_hal_spi.o
                0x0800868e                HAL_SPI_Transmit
 .text.HAL_SPI_TransmitReceive
                0x08008916      0x352 ./Drivers/STM32F4xx_HAL_Driver/Src/stm32f4xx_hal_spi.o
                0x08008916                HAL_SPI_TransmitReceive
 .text.SPI_WaitFlagStateUntilTimeout
                0x08008c68      0x110 ./Drivers/STM32F4xx_HAL_Driver/Src/stm32f4xx_hal_spi.o
 .text.SPI_EndRxTxTransaction
                0x08008d78       0xa8 ./Drivers/STM32F4xx_HAL_Driver/Src/stm32f4xx_hal_spi.o
 .text.HAL_TIM_Base_Init
                0x08008e20       0x9e ./Drivers/STM32F4xx_HAL_Driver/Src/stm32f4xx_hal_tim.o
                0x08008e20                HAL_TIM_Base_Init
 .text.HAL_TIM_ConfigClockSource
                0x08008ebe      0x18e ./Drivers/STM32F4xx_HAL_Driver/Src/stm32f4xx_hal_tim.o
                0x08008ebe                HAL_TIM_ConfigClockSource
 .text.TIM_Base_SetConfig
                0x0800904c      0x158 ./Drivers/STM32F4xx_HAL_Driver/Src/stm32f4xx_hal_tim.o
                0x0800904c                TIM_Base_SetConfig
 .text.TIM_TI1_ConfigInputStage
                0x080091a4       0x5e ./Drivers/STM32F4xx_HAL_Driver/Src/stm32f4xx_hal_tim.o
 .text.TIM_TI2_ConfigInputStage
                0x08009202       0x60 ./Drivers/STM32F4xx_HAL_Driver/Src/stm32f4xx_hal_tim.o
 .text.TIM_ITRx_SetConfig
                0x08009262       0x36 ./Drivers/STM32F4xx_HAL_Driver/Src/stm32f4xx_hal_tim.o
 .text.TIM_ETR_SetConfig
                0x08009298       0x40 ./Drivers/STM32F4xx_HAL_Driver/Src/stm32f4xx_hal_tim.o
                0x08009298                TIM_ETR_SetConfig
 .text.HAL_TIMEx_MasterConfigSynchronization
                0x080092d8       0xf8 ./Drivers/STM32F4xx_HAL_Driver/Src/stm32f4xx_hal_tim_ex.o
                0x080092d8                HAL_TIMEx_MasterConfigSynchronization
 .text.USB_CoreInit
                0x080093d0       0xc8 ./Drivers/STM32F4xx_HAL_Driver/Src/stm32f4xx_ll_usb.o
                0x080093d0                USB_CoreInit
 .text.USB_SetTurnaroundTime
                0x08009498      0x144 ./Drivers/STM32F4xx_HAL_Driver/Src/stm32f4xx_ll_usb.o
                0x08009498                USB_SetTurnaroundTime
 .text.USB_EnableGlobalInt
                0x080095dc       0x22 ./Drivers/STM32F4xx_HAL_Driver/Src/stm32f4xx_ll_usb.o
                0x080095dc                USB_EnableGlobalInt
 .text.USB_DisableGlobalInt
                0x080095fe       0x22 ./Drivers/STM32F4xx_HAL_Driver/Src/stm32f4xx_ll_usb.o
                0x080095fe                USB_DisableGlobalInt
 .text.USB_SetCurrentMode
                0x08009620       0x98 ./Drivers/STM32F4xx_HAL_Driver/Src/stm32f4xx_ll_usb.o
                0x08009620                USB_SetCurrentMode
 .text.USB_DevInit
                0x080096b8      0x2c8 ./Drivers/STM32F4xx_HAL_Driver/Src/stm32f4xx_ll_usb.o
                0x080096b8                USB_DevInit
 .text.USB_FlushTxFifo
                0x08009980       0x64 ./Drivers/STM32F4xx_HAL_Driver/Src/stm32f4xx_ll_usb.o
                0x08009980                USB_FlushTxFifo
 .text.USB_FlushRxFifo
                0x080099e4       0x5c ./Drivers/STM32F4xx_HAL_Driver/Src/stm32f4xx_ll_usb.o
                0x080099e4                USB_FlushRxFifo
 .text.USB_SetDevSpeed
                0x08009a40       0x32 ./Drivers/STM32F4xx_HAL_Driver/Src/stm32f4xx_ll_usb.o
                0x08009a40                USB_SetDevSpeed
 .text.USB_GetDevSpeed
                0x08009a72       0x4a ./Drivers/STM32F4xx_HAL_Driver/Src/stm32f4xx_ll_usb.o
                0x08009a72                USB_GetDevSpeed
 .text.USB_ActivateEndpoint
                0x08009abc      0x10e ./Drivers/STM32F4xx_HAL_Driver/Src/stm32f4xx_ll_usb.o
                0x08009abc                USB_ActivateEndpoint
 *fill*         0x08009bca        0x2 
 .text.USB_DeactivateEndpoint
                0x08009bcc      0x1b8 ./Drivers/STM32F4xx_HAL_Driver/Src/stm32f4xx_ll_usb.o
                0x08009bcc                USB_DeactivateEndpoint
 .text.USB_EPStartXfer
                0x08009d84      0x53c ./Drivers/STM32F4xx_HAL_Driver/Src/stm32f4xx_ll_usb.o
                0x08009d84                USB_EPStartXfer
 .text.USB_EPStopXfer
                0x0800a2c0      0x154 ./Drivers/STM32F4xx_HAL_Driver/Src/stm32f4xx_ll_usb.o
                0x0800a2c0                USB_EPStopXfer
 .text.USB_WritePacket
                0x0800a414       0x7c ./Drivers/STM32F4xx_HAL_Driver/Src/stm32f4xx_ll_usb.o
                0x0800a414                USB_WritePacket
 .text.USB_ReadPacket
                0x0800a490       0xb0 ./Drivers/STM32F4xx_HAL_Driver/Src/stm32f4xx_ll_usb.o
                0x0800a490                USB_ReadPacket
 .text.USB_EPSetStall
                0x0800a540       0xdc ./Drivers/STM32F4xx_HAL_Driver/Src/stm32f4xx_ll_usb.o
                0x0800a540                USB_EPSetStall
 .text.USB_EPClearStall
                0x0800a61c       0xcc ./Drivers/STM32F4xx_HAL_Driver/Src/stm32f4xx_ll_usb.o
                0x0800a61c                USB_EPClearStall
 .text.USB_SetDevAddress
                0x0800a6e8       0x4c ./Drivers/STM32F4xx_HAL_Driver/Src/stm32f4xx_ll_usb.o
                0x0800a6e8                USB_SetDevAddress
 .text.USB_DevConnect
                0x0800a734       0x42 ./Drivers/STM32F4xx_HAL_Driver/Src/stm32f4xx_ll_usb.o
                0x0800a734                USB_DevConnect
 .text.USB_DevDisconnect
                0x0800a776       0x42 ./Drivers/STM32F4xx_HAL_Driver/Src/stm32f4xx_ll_usb.o
                0x0800a776                USB_DevDisconnect
 .text.USB_ReadInterrupts
                0x0800a7b8       0x26 ./Drivers/STM32F4xx_HAL_Driver/Src/stm32f4xx_ll_usb.o
                0x0800a7b8                USB_ReadInterrupts
 .text.USB_ReadDevAllOutEpInterrupt
                0x0800a7de       0x34 ./Drivers/STM32F4xx_HAL_Driver/Src/stm32f4xx_ll_usb.o
                0x0800a7de                USB_ReadDevAllOutEpInterrupt
 .text.USB_ReadDevAllInEpInterrupt
                0x0800a812       0x34 ./Drivers/STM32F4xx_HAL_Driver/Src/stm32f4xx_ll_usb.o
                0x0800a812                USB_ReadDevAllInEpInterrupt
 .text.USB_ReadDevOutEPInterrupt
                0x0800a846       0x3c ./Drivers/STM32F4xx_HAL_Driver/Src/stm32f4xx_ll_usb.o
                0x0800a846                USB_ReadDevOutEPInterrupt
 .text.USB_ReadDevInEPInterrupt
                0x0800a882       0x5c ./Drivers/STM32F4xx_HAL_Driver/Src/stm32f4xx_ll_usb.o
                0x0800a882                USB_ReadDevInEPInterrupt
 .text.USB_GetMode
                0x0800a8de       0x1c ./Drivers/STM32F4xx_HAL_Driver/Src/stm32f4xx_ll_usb.o
                0x0800a8de                USB_GetMode
 .text.USB_ActivateSetup
                0x0800a8fa       0x46 ./Drivers/STM32F4xx_HAL_Driver/Src/stm32f4xx_ll_usb.o
                0x0800a8fa                USB_ActivateSetup
 .text.USB_EP0_OutStart
                0x0800a940       0xbc ./Drivers/STM32F4xx_HAL_Driver/Src/stm32f4xx_ll_usb.o
                0x0800a940                USB_EP0_OutStart
 .text.USB_CoreReset
                0x0800a9fc       0x62 ./Drivers/STM32F4xx_HAL_Driver/Src/stm32f4xx_ll_usb.o
 *fill*         0x0800aa5e        0x2 
 .text.USBD_CDC_Init
                0x0800aa60      0x1f0 ./Middlewares/ST/STM32_USB_Device_Library/Class/CDC/Src/usbd_cdc.o
 .text.USBD_CDC_DeInit
                0x0800ac50      0x104 ./Middlewares/ST/STM32_USB_Device_Library/Class/CDC/Src/usbd_cdc.o
 .text.USBD_CDC_Setup
                0x0800ad54      0x1b8 ./Middlewares/ST/STM32_USB_Device_Library/Class/CDC/Src/usbd_cdc.o
 .text.USBD_CDC_DataIn
                0x0800af0c       0xfe ./Middlewares/ST/STM32_USB_Device_Library/Class/CDC/Src/usbd_cdc.o
 .text.USBD_CDC_DataOut
                0x0800b00a       0x70 ./Middlewares/ST/STM32_USB_Device_Library/Class/CDC/Src/usbd_cdc.o
 .text.USBD_CDC_EP0_RxReady
                0x0800b07a       0x74 ./Middlewares/ST/STM32_USB_Device_Library/Class/CDC/Src/usbd_cdc.o
 *fill*         0x0800b0ee        0x2 
 .text.USBD_CDC_GetFSCfgDesc
                0x0800b0f0       0x70 ./Middlewares/ST/STM32_USB_Device_Library/Class/CDC/Src/usbd_cdc.o
 .text.USBD_CDC_GetHSCfgDesc
                0x0800b160       0x70 ./Middlewares/ST/STM32_USB_Device_Library/Class/CDC/Src/usbd_cdc.o
 .text.USBD_CDC_GetOtherSpeedCfgDesc
                0x0800b1d0       0x70 ./Middlewares/ST/STM32_USB_Device_Library/Class/CDC/Src/usbd_cdc.o
 .text.USBD_CDC_GetDeviceQualifierDescriptor
                0x0800b240       0x20 ./Middlewares/ST/STM32_USB_Device_Library/Class/CDC/Src/usbd_cdc.o
                0x0800b240                USBD_CDC_GetDeviceQualifierDescriptor
 .text.USBD_CDC_RegisterInterface
                0x0800b260       0x34 ./Middlewares/ST/STM32_USB_Device_Library/Class/CDC/Src/usbd_cdc.o
                0x0800b260                USBD_CDC_RegisterInterface
 .text.USBD_CDC_SetTxBuffer
                0x0800b294       0x44 ./Middlewares/ST/STM32_USB_Device_Library/Class/CDC/Src/usbd_cdc.o
                0x0800b294                USBD_CDC_SetTxBuffer
 .text.USBD_CDC_SetRxBuffer
                0x0800b2d8       0x3a ./Middlewares/ST/STM32_USB_Device_Library/Class/CDC/Src/usbd_cdc.o
                0x0800b2d8                USBD_CDC_SetRxBuffer
 *fill*         0x0800b312        0x2 
 .text.USBD_CDC_ReceivePacket
                0x0800b314       0x6c ./Middlewares/ST/STM32_USB_Device_Library/Class/CDC/Src/usbd_cdc.o
                0x0800b314                USBD_CDC_ReceivePacket
 .text.USBD_Init
                0x0800b380       0x60 ./Middlewares/ST/STM32_USB_Device_Library/Core/Src/usbd_core.o
                0x0800b380                USBD_Init
 .text.USBD_RegisterClass
                0x0800b3e0       0x6c ./Middlewares/ST/STM32_USB_Device_Library/Core/Src/usbd_core.o
                0x0800b3e0                USBD_RegisterClass
 .text.USBD_Start
                0x0800b44c       0x18 ./Middlewares/ST/STM32_USB_Device_Library/Core/Src/usbd_core.o
                0x0800b44c                USBD_Start
 .text.USBD_RunTestMode
                0x0800b464       0x16 ./Middlewares/ST/STM32_USB_Device_Library/Core/Src/usbd_core.o
                0x0800b464                USBD_RunTestMode
 .text.USBD_SetClassConfig
                0x0800b47a       0x38 ./Middlewares/ST/STM32_USB_Device_Library/Core/Src/usbd_core.o
                0x0800b47a                USBD_SetClassConfig
 .text.USBD_ClrClassConfig
                0x0800b4b2       0x34 ./Middlewares/ST/STM32_USB_Device_Library/Core/Src/usbd_core.o
                0x0800b4b2                USBD_ClrClassConfig
 .text.USBD_LL_SetupStage
                0x0800b4e6       0xaa ./Middlewares/ST/STM32_USB_Device_Library/Core/Src/usbd_core.o
                0x0800b4e6                USBD_LL_SetupStage
 .text.USBD_LL_DataOutStage
                0x0800b590      0x166 ./Middlewares/ST/STM32_USB_Device_Library/Core/Src/usbd_core.o
                0x0800b590                USBD_LL_DataOutStage
 .text.USBD_LL_DataInStage
                0x0800b6f6      0x164 ./Middlewares/ST/STM32_USB_Device_Library/Core/Src/usbd_core.o
                0x0800b6f6                USBD_LL_DataInStage
 .text.USBD_LL_Reset
                0x0800b85a       0xa4 ./Middlewares/ST/STM32_USB_Device_Library/Core/Src/usbd_core.o
                0x0800b85a                USBD_LL_Reset
 .text.USBD_LL_SetSpeed
                0x0800b8fe       0x20 ./Middlewares/ST/STM32_USB_Device_Library/Core/Src/usbd_core.o
                0x0800b8fe                USBD_LL_SetSpeed
 .text.USBD_LL_Suspend
                0x0800b91e       0x38 ./Middlewares/ST/STM32_USB_Device_Library/Core/Src/usbd_core.o
                0x0800b91e                USBD_LL_Suspend
 .text.USBD_LL_Resume
                0x0800b956       0x30 ./Middlewares/ST/STM32_USB_Device_Library/Core/Src/usbd_core.o
                0x0800b956                USBD_LL_Resume
 .text.USBD_LL_SOF
                0x0800b986       0x40 ./Middlewares/ST/STM32_USB_Device_Library/Core/Src/usbd_core.o
                0x0800b986                USBD_LL_SOF
 .text.USBD_LL_IsoINIncomplete
                0x0800b9c6       0x64 ./Middlewares/ST/STM32_USB_Device_Library/Core/Src/usbd_core.o
                0x0800b9c6                USBD_LL_IsoINIncomplete
 .text.USBD_LL_IsoOUTIncomplete
                0x0800ba2a       0x64 ./Middlewares/ST/STM32_USB_Device_Library/Core/Src/usbd_core.o
                0x0800ba2a                USBD_LL_IsoOUTIncomplete
 .text.USBD_LL_DevConnected
                0x0800ba8e       0x16 ./Middlewares/ST/STM32_USB_Device_Library/Core/Src/usbd_core.o
                0x0800ba8e                USBD_LL_DevConnected
 .text.USBD_LL_DevDisconnected
                0x0800baa4       0x46 ./Middlewares/ST/STM32_USB_Device_Library/Core/Src/usbd_core.o
                0x0800baa4                USBD_LL_DevDisconnected
 .text.USBD_CoreFindIF
                0x0800baea       0x1a ./Middlewares/ST/STM32_USB_Device_Library/Core/Src/usbd_core.o
                0x0800baea                USBD_CoreFindIF
 .text.USBD_CoreFindEP
                0x0800bb04       0x1a ./Middlewares/ST/STM32_USB_Device_Library/Core/Src/usbd_core.o
                0x0800bb04                USBD_CoreFindEP
 .text.USBD_GetEpDesc
                0x0800bb1e       0x70 ./Middlewares/ST/STM32_USB_Device_Library/Core/Src/usbd_core.o
                0x0800bb1e                USBD_GetEpDesc
 .text.USBD_GetNextDesc
                0x0800bb8e       0x38 ./Middlewares/ST/STM32_USB_Device_Library/Core/Src/usbd_core.o
                0x0800bb8e                USBD_GetNextDesc
 .text.SWAPBYTE
                0x0800bbc6       0x3e ./Middlewares/ST/STM32_USB_Device_Library/Core/Src/usbd_ctlreq.o
 .text.USBD_StdDevReq
                0x0800bc04       0xe4 ./Middlewares/ST/STM32_USB_Device_Library/Core/Src/usbd_ctlreq.o
                0x0800bc04                USBD_StdDevReq
 .text.USBD_StdItfReq
                0x0800bce8       0xd8 ./Middlewares/ST/STM32_USB_Device_Library/Core/Src/usbd_ctlreq.o
                0x0800bce8                USBD_StdItfReq
 .text.USBD_StdEPReq
                0x0800bdc0      0x33a ./Middlewares/ST/STM32_USB_Device_Library/Core/Src/usbd_ctlreq.o
                0x0800bdc0                USBD_StdEPReq
 *fill*         0x0800c0fa        0x2 
 .text.USBD_GetDescriptor
                0x0800c0fc      0x2d4 ./Middlewares/ST/STM32_USB_Device_Library/Core/Src/usbd_ctlreq.o
 .text.USBD_SetAddress
                0x0800c3d0       0x88 ./Middlewares/ST/STM32_USB_Device_Library/Core/Src/usbd_ctlreq.o
 .text.USBD_SetConfig
                0x0800c458      0x154 ./Middlewares/ST/STM32_USB_Device_Library/Core/Src/usbd_ctlreq.o
 .text.USBD_GetConfig
                0x0800c5ac       0x6c ./Middlewares/ST/STM32_USB_Device_Library/Core/Src/usbd_ctlreq.o
 .text.USBD_GetStatus
                0x0800c618       0x68 ./Middlewares/ST/STM32_USB_Device_Library/Core/Src/usbd_ctlreq.o
 .text.USBD_SetFeature
                0x0800c680       0x52 ./Middlewares/ST/STM32_USB_Device_Library/Core/Src/usbd_ctlreq.o
 .text.USBD_ClrFeature
                0x0800c6d2       0x44 ./Middlewares/ST/STM32_USB_Device_Library/Core/Src/usbd_ctlreq.o
 .text.USBD_ParseSetupRequest
                0x0800c716       0x74 ./Middlewares/ST/STM32_USB_Device_Library/Core/Src/usbd_ctlreq.o
                0x0800c716                USBD_ParseSetupRequest
 .text.USBD_CtlError
                0x0800c78a       0x22 ./Middlewares/ST/STM32_USB_Device_Library/Core/Src/usbd_ctlreq.o
                0x0800c78a                USBD_CtlError
 .text.USBD_GetString
                0x0800c7ac       0xa4 ./Middlewares/ST/STM32_USB_Device_Library/Core/Src/usbd_ctlreq.o
                0x0800c7ac                USBD_GetString
 .text.USBD_GetLen
                0x0800c850       0x34 ./Middlewares/ST/STM32_USB_Device_Library/Core/Src/usbd_ctlreq.o
 .text.USBD_CtlSendData
                0x0800c884       0x36 ./Middlewares/ST/STM32_USB_Device_Library/Core/Src/usbd_ioreq.o
                0x0800c884                USBD_CtlSendData
 .text.USBD_CtlContinueSendData
                0x0800c8ba       0x22 ./Middlewares/ST/STM32_USB_Device_Library/Core/Src/usbd_ioreq.o
                0x0800c8ba                USBD_CtlContinueSendData
 .text.USBD_CtlPrepareRx
                0x0800c8dc       0x3a ./Middlewares/ST/STM32_USB_Device_Library/Core/Src/usbd_ioreq.o
                0x0800c8dc                USBD_CtlPrepareRx
 .text.USBD_CtlContinueRx
                0x0800c916       0x22 ./Middlewares/ST/STM32_USB_Device_Library/Core/Src/usbd_ioreq.o
                0x0800c916                USBD_CtlContinueRx
 .text.USBD_CtlSendStatus
                0x0800c938       0x26 ./Middlewares/ST/STM32_USB_Device_Library/Core/Src/usbd_ioreq.o
                0x0800c938                USBD_CtlSendStatus
 .text.USBD_CtlReceiveStatus
                0x0800c95e       0x26 ./Middlewares/ST/STM32_USB_Device_Library/Core/Src/usbd_ioreq.o
                0x0800c95e                USBD_CtlReceiveStatus
 .text.MX_USB_DEVICE_Init
                0x0800c984       0x60 ./USB_DEVICE/App/usb_device.o
                0x0800c984                MX_USB_DEVICE_Init
 .text.CDC_Init_FS
                0x0800c9e4       0x28 ./USB_DEVICE/App/usbd_cdc_if.o
 .text.CDC_DeInit_FS
                0x0800ca0c       0x10 ./USB_DEVICE/App/usbd_cdc_if.o
 .text.CDC_Control_FS
                0x0800ca1c       0xbc ./USB_DEVICE/App/usbd_cdc_if.o
 .text.CDC_Receive_FS
                0x0800cad8       0x28 ./USB_DEVICE/App/usbd_cdc_if.o
 .text.CDC_TransmitCplt_FS
                0x0800cb00       0x22 ./USB_DEVICE/App/usbd_cdc_if.o
 *fill*         0x0800cb22        0x2 
 .text.USBD_FS_DeviceDescriptor
                0x0800cb24       0x24 ./USB_DEVICE/App/usbd_desc.o
                0x0800cb24                USBD_FS_DeviceDescriptor
 .text.USBD_FS_LangIDStrDescriptor
                0x0800cb48       0x24 ./USB_DEVICE/App/usbd_desc.o
                0x0800cb48                USBD_FS_LangIDStrDescriptor
 .text.USBD_FS_ProductStrDescriptor
                0x0800cb6c       0x3c ./USB_DEVICE/App/usbd_desc.o
                0x0800cb6c                USBD_FS_ProductStrDescriptor
 .text.USBD_FS_ManufacturerStrDescriptor
                0x0800cba8       0x28 ./USB_DEVICE/App/usbd_desc.o
                0x0800cba8                USBD_FS_ManufacturerStrDescriptor
 .text.USBD_FS_SerialStrDescriptor
                0x0800cbd0       0x24 ./USB_DEVICE/App/usbd_desc.o
                0x0800cbd0                USBD_FS_SerialStrDescriptor
 .text.USBD_FS_ConfigStrDescriptor
                0x0800cbf4       0x3c ./USB_DEVICE/App/usbd_desc.o
                0x0800cbf4                USBD_FS_ConfigStrDescriptor
 .text.USBD_FS_InterfaceStrDescriptor
                0x0800cc30       0x3c ./USB_DEVICE/App/usbd_desc.o
                0x0800cc30                USBD_FS_InterfaceStrDescriptor
 .text.Get_SerialNum
                0x0800cc6c       0x58 ./USB_DEVICE/App/usbd_desc.o
 .text.IntToUnicode
                0x0800ccc4       0x7e ./USB_DEVICE/App/usbd_desc.o
 *fill*         0x0800cd42        0x2 
 .text.HAL_PCD_MspInit
                0x0800cd44       0xa8 ./USB_DEVICE/Target/usbd_conf.o
                0x0800cd44                HAL_PCD_MspInit
 .text.HAL_PCD_SetupStageCallback
                0x0800cdec       0x24 ./USB_DEVICE/Target/usbd_conf.o
                0x0800cdec                HAL_PCD_SetupStageCallback
 .text.HAL_PCD_DataOutStageCallback
                0x0800ce10       0x36 ./USB_DEVICE/Target/usbd_conf.o
                0x0800ce10                HAL_PCD_DataOutStageCallback
 .text.HAL_PCD_DataInStageCallback
                0x0800ce46       0x34 ./USB_DEVICE/Target/usbd_conf.o
                0x0800ce46                HAL_PCD_DataInStageCallback
 .text.HAL_PCD_SOFCallback
                0x0800ce7a       0x1c ./USB_DEVICE/Target/usbd_conf.o
                0x0800ce7a                HAL_PCD_SOFCallback
 .text.HAL_PCD_ResetCallback
                0x0800ce96       0x50 ./USB_DEVICE/Target/usbd_conf.o
                0x0800ce96                HAL_PCD_ResetCallback
 *fill*         0x0800cee6        0x2 
 .text.HAL_PCD_SuspendCallback
                0x0800cee8       0x4c ./USB_DEVICE/Target/usbd_conf.o
                0x0800cee8                HAL_PCD_SuspendCallback
 .text.HAL_PCD_ResumeCallback
                0x0800cf34       0x1c ./USB_DEVICE/Target/usbd_conf.o
                0x0800cf34                HAL_PCD_ResumeCallback
 .text.HAL_PCD_ISOOUTIncompleteCallback
                0x0800cf50       0x24 ./USB_DEVICE/Target/usbd_conf.o
                0x0800cf50                HAL_PCD_ISOOUTIncompleteCallback
 .text.HAL_PCD_ISOINIncompleteCallback
                0x0800cf74       0x24 ./USB_DEVICE/Target/usbd_conf.o
                0x0800cf74                HAL_PCD_ISOINIncompleteCallback
 .text.HAL_PCD_ConnectCallback
                0x0800cf98       0x1c ./USB_DEVICE/Target/usbd_conf.o
                0x0800cf98                HAL_PCD_ConnectCallback
 .text.HAL_PCD_DisconnectCallback
                0x0800cfb4       0x1c ./USB_DEVICE/Target/usbd_conf.o
                0x0800cfb4                HAL_PCD_DisconnectCallback
 .text.USBD_LL_Init
                0x0800cfd0       0x98 ./USB_DEVICE/Target/usbd_conf.o
                0x0800cfd0                USBD_LL_Init
 .text.USBD_LL_Start
                0x0800d068       0x36 ./USB_DEVICE/Target/usbd_conf.o
                0x0800d068                USBD_LL_Start
 .text.USBD_LL_OpenEP
                0x0800d09e       0x4c ./USB_DEVICE/Target/usbd_conf.o
                0x0800d09e                USBD_LL_OpenEP
 .text.USBD_LL_CloseEP
                0x0800d0ea       0x3e ./USB_DEVICE/Target/usbd_conf.o
                0x0800d0ea                USBD_LL_CloseEP
 .text.USBD_LL_StallEP
                0x0800d128       0x3e ./USB_DEVICE/Target/usbd_conf.o
                0x0800d128                USBD_LL_StallEP
 .text.USBD_LL_ClearStallEP
                0x0800d166       0x3e ./USB_DEVICE/Target/usbd_conf.o
                0x0800d166                USBD_LL_ClearStallEP
 .text.USBD_LL_IsStallEP
                0x0800d1a4       0x58 ./USB_DEVICE/Target/usbd_conf.o
                0x0800d1a4                USBD_LL_IsStallEP
 .text.USBD_LL_SetUSBAddress
                0x0800d1fc       0x3e ./USB_DEVICE/Target/usbd_conf.o
                0x0800d1fc                USBD_LL_SetUSBAddress
 .text.USBD_LL_Transmit
                0x0800d23a       0x42 ./USB_DEVICE/Target/usbd_conf.o
                0x0800d23a                USBD_LL_Transmit
 .text.USBD_LL_PrepareReceive
                0x0800d27c       0x42 ./USB_DEVICE/Target/usbd_conf.o
                0x0800d27c                USBD_LL_PrepareReceive
 .text.USBD_LL_GetRxDataSize
                0x0800d2be       0x26 ./USB_DEVICE/Target/usbd_conf.o
                0x0800d2be                USBD_LL_GetRxDataSize
 .text.USBD_static_malloc
                0x0800d2e4       0x1c ./USB_DEVICE/Target/usbd_conf.o
                0x0800d2e4                USBD_static_malloc
 .text.USBD_static_free
                0x0800d300       0x14 ./USB_DEVICE/Target/usbd_conf.o
                0x0800d300                USBD_static_free
 .text.USBD_Get_USB_Status
                0x0800d314       0x58 ./USB_DEVICE/Target/usbd_conf.o
                0x0800d314                USBD_Get_USB_Status
 .text.malloc   0x0800d36c       0x10 C:/ST/STM32CubeIDE_1.17.0/STM32CubeIDE/plugins/com.st.stm32cube.ide.mcu.externaltools.gnu-tools-for-stm32.13.3.rel1.win32_1.0.0.202411081344/tools/bin/../lib/gcc/arm-none-eabi/13.3.1/../../../../arm-none-eabi/lib/thumb/v7e-m+fp/hard\libc_nano.a(libc_a-malloc.o)
                0x0800d36c                malloc
 .text.sbrk_aligned
                0x0800d37c       0x44 C:/ST/STM32CubeIDE_1.17.0/STM32CubeIDE/plugins/com.st.stm32cube.ide.mcu.externaltools.gnu-tools-for-stm32.13.3.rel1.win32_1.0.0.202411081344/tools/bin/../lib/gcc/arm-none-eabi/13.3.1/../../../../arm-none-eabi/lib/thumb/v7e-m+fp/hard\libc_nano.a(libc_a-mallocr.o)
 .text._malloc_r
                0x0800d3c0      0x100 C:/ST/STM32CubeIDE_1.17.0/STM32CubeIDE/plugins/com.st.stm32cube.ide.mcu.externaltools.gnu-tools-for-stm32.13.3.rel1.win32_1.0.0.202411081344/tools/bin/../lib/gcc/arm-none-eabi/13.3.1/../../../../arm-none-eabi/lib/thumb/v7e-m+fp/hard\libc_nano.a(libc_a-mallocr.o)
                0x0800d3c0                _malloc_r
 .text.__malloc_lock
                0x0800d4c0        0xc C:/ST/STM32CubeIDE_1.17.0/STM32CubeIDE/plugins/com.st.stm32cube.ide.mcu.externaltools.gnu-tools-for-stm32.13.3.rel1.win32_1.0.0.202411081344/tools/bin/../lib/gcc/arm-none-eabi/13.3.1/../../../../arm-none-eabi/lib/thumb/v7e-m+fp/hard\libc_nano.a(libc_a-mlock.o)
                0x0800d4c0                __malloc_lock
 .text.__malloc_unlock
                0x0800d4cc        0xc C:/ST/STM32CubeIDE_1.17.0/STM32CubeIDE/plugins/com.st.stm32cube.ide.mcu.externaltools.gnu-tools-for-stm32.13.3.rel1.win32_1.0.0.202411081344/tools/bin/../lib/gcc/arm-none-eabi/13.3.1/../../../../arm-none-eabi/lib/thumb/v7e-m+fp/hard\libc_nano.a(libc_a-mlock.o)
                0x0800d4cc                __malloc_unlock
 .text.__cvt    0x0800d4d8       0xca C:/ST/STM32CubeIDE_1.17.0/STM32CubeIDE/plugins/com.st.stm32cube.ide.mcu.externaltools.gnu-tools-for-stm32.13.3.rel1.win32_1.0.0.202411081344/tools/bin/../lib/gcc/arm-none-eabi/13.3.1/../../../../arm-none-eabi/lib/thumb/v7e-m+fp/hard\libc_nano.a(libc_a-nano-vfprintf_float.o)
                0x0800d4d8                __cvt
 .text.__exponent
                0x0800d5a2       0x74 C:/ST/STM32CubeIDE_1.17.0/STM32CubeIDE/plugins/com.st.stm32cube.ide.mcu.externaltools.gnu-tools-for-stm32.13.3.rel1.win32_1.0.0.202411081344/tools/bin/../lib/gcc/arm-none-eabi/13.3.1/../../../../arm-none-eabi/lib/thumb/v7e-m+fp/hard\libc_nano.a(libc_a-nano-vfprintf_float.o)
                0x0800d5a2                __exponent
 *fill*         0x0800d616        0x2 
 .text._printf_float
                0x0800d618      0x454 C:/ST/STM32CubeIDE_1.17.0/STM32CubeIDE/plugins/com.st.stm32cube.ide.mcu.externaltools.gnu-tools-for-stm32.13.3.rel1.win32_1.0.0.202411081344/tools/bin/../lib/gcc/arm-none-eabi/13.3.1/../../../../arm-none-eabi/lib/thumb/v7e-m+fp/hard\libc_nano.a(libc_a-nano-vfprintf_float.o)
                0x0800d618                _printf_float
 .text._printf_common
                0x0800da6c       0xda C:/ST/STM32CubeIDE_1.17.0/STM32CubeIDE/plugins/com.st.stm32cube.ide.mcu.externaltools.gnu-tools-for-stm32.13.3.rel1.win32_1.0.0.202411081344/tools/bin/../lib/gcc/arm-none-eabi/13.3.1/../../../../arm-none-eabi/lib/thumb/v7e-m+fp/hard\libc_nano.a(libc_a-nano-vfprintf_i.o)
                0x0800da6c                _printf_common
 *fill*         0x0800db46        0x2 
 .text._printf_i
                0x0800db48      0x23c C:/ST/STM32CubeIDE_1.17.0/STM32CubeIDE/plugins/com.st.stm32cube.ide.mcu.externaltools.gnu-tools-for-stm32.13.3.rel1.win32_1.0.0.202411081344/tools/bin/../lib/gcc/arm-none-eabi/13.3.1/../../../../arm-none-eabi/lib/thumb/v7e-m+fp/hard\libc_nano.a(libc_a-nano-vfprintf_i.o)
                0x0800db48                _printf_i
 .text.std      0x0800dd84       0x6c C:/ST/STM32CubeIDE_1.17.0/STM32CubeIDE/plugins/com.st.stm32cube.ide.mcu.externaltools.gnu-tools-for-stm32.13.3.rel1.win32_1.0.0.202411081344/tools/bin/../lib/gcc/arm-none-eabi/13.3.1/../../../../arm-none-eabi/lib/thumb/v7e-m+fp/hard\libc_nano.a(libc_a-findfp.o)
 .text.stdio_exit_handler
                0x0800ddf0       0x18 C:/ST/STM32CubeIDE_1.17.0/STM32CubeIDE/plugins/com.st.stm32cube.ide.mcu.externaltools.gnu-tools-for-stm32.13.3.rel1.win32_1.0.0.202411081344/tools/bin/../lib/gcc/arm-none-eabi/13.3.1/../../../../arm-none-eabi/lib/thumb/v7e-m+fp/hard\libc_nano.a(libc_a-findfp.o)
 .text.cleanup_stdio
                0x0800de08       0x40 C:/ST/STM32CubeIDE_1.17.0/STM32CubeIDE/plugins/com.st.stm32cube.ide.mcu.externaltools.gnu-tools-for-stm32.13.3.rel1.win32_1.0.0.202411081344/tools/bin/../lib/gcc/arm-none-eabi/13.3.1/../../../../arm-none-eabi/lib/thumb/v7e-m+fp/hard\libc_nano.a(libc_a-findfp.o)
 .text.global_stdio_init.part.0
                0x0800de48       0x3c C:/ST/STM32CubeIDE_1.17.0/STM32CubeIDE/plugins/com.st.stm32cube.ide.mcu.externaltools.gnu-tools-for-stm32.13.3.rel1.win32_1.0.0.202411081344/tools/bin/../lib/gcc/arm-none-eabi/13.3.1/../../../../arm-none-eabi/lib/thumb/v7e-m+fp/hard\libc_nano.a(libc_a-findfp.o)
 .text.__sfp_lock_acquire
                0x0800de84        0xc C:/ST/STM32CubeIDE_1.17.0/STM32CubeIDE/plugins/com.st.stm32cube.ide.mcu.externaltools.gnu-tools-for-stm32.13.3.rel1.win32_1.0.0.202411081344/tools/bin/../lib/gcc/arm-none-eabi/13.3.1/../../../../arm-none-eabi/lib/thumb/v7e-m+fp/hard\libc_nano.a(libc_a-findfp.o)
                0x0800de84                __sfp_lock_acquire
 .text.__sfp_lock_release
                0x0800de90        0xc C:/ST/STM32CubeIDE_1.17.0/STM32CubeIDE/plugins/com.st.stm32cube.ide.mcu.externaltools.gnu-tools-for-stm32.13.3.rel1.win32_1.0.0.202411081344/tools/bin/../lib/gcc/arm-none-eabi/13.3.1/../../../../arm-none-eabi/lib/thumb/v7e-m+fp/hard\libc_nano.a(libc_a-findfp.o)
                0x0800de90                __sfp_lock_release
 .text.__sinit  0x0800de9c       0x30 C:/ST/STM32CubeIDE_1.17.0/STM32CubeIDE/plugins/com.st.stm32cube.ide.mcu.externaltools.gnu-tools-for-stm32.13.3.rel1.win32_1.0.0.202411081344/tools/bin/../lib/gcc/arm-none-eabi/13.3.1/../../../../arm-none-eabi/lib/thumb/v7e-m+fp/hard\libc_nano.a(libc_a-findfp.o)
                0x0800de9c                __sinit
 .text._fwalk_sglue
                0x0800decc       0x3c C:/ST/STM32CubeIDE_1.17.0/STM32CubeIDE/plugins/com.st.stm32cube.ide.mcu.externaltools.gnu-tools-for-stm32.13.3.rel1.win32_1.0.0.202411081344/tools/bin/../lib/gcc/arm-none-eabi/13.3.1/../../../../arm-none-eabi/lib/thumb/v7e-m+fp/hard\libc_nano.a(libc_a-fwalk.o)
                0x0800decc                _fwalk_sglue
 .text.printf   0x0800df08       0x24 C:/ST/STM32CubeIDE_1.17.0/STM32CubeIDE/plugins/com.st.stm32cube.ide.mcu.externaltools.gnu-tools-for-stm32.13.3.rel1.win32_1.0.0.202411081344/tools/bin/../lib/gcc/arm-none-eabi/13.3.1/../../../../arm-none-eabi/lib/thumb/v7e-m+fp/hard\libc_nano.a(libc_a-printf.o)
                0x0800df08                iprintf
                0x0800df08                printf
 .text.putchar  0x0800df2c       0x10 C:/ST/STM32CubeIDE_1.17.0/STM32CubeIDE/plugins/com.st.stm32cube.ide.mcu.externaltools.gnu-tools-for-stm32.13.3.rel1.win32_1.0.0.202411081344/tools/bin/../lib/gcc/arm-none-eabi/13.3.1/../../../../arm-none-eabi/lib/thumb/v7e-m+fp/hard\libc_nano.a(libc_a-putchar.o)
                0x0800df2c                putchar
 .text._puts_r  0x0800df3c       0xaa C:/ST/STM32CubeIDE_1.17.0/STM32CubeIDE/plugins/com.st.stm32cube.ide.mcu.externaltools.gnu-tools-for-stm32.13.3.rel1.win32_1.0.0.202411081344/tools/bin/../lib/gcc/arm-none-eabi/13.3.1/../../../../arm-none-eabi/lib/thumb/v7e-m+fp/hard\libc_nano.a(libc_a-puts.o)
                0x0800df3c                _puts_r
 *fill*         0x0800dfe6        0x2 
 .text.puts     0x0800dfe8       0x10 C:/ST/STM32CubeIDE_1.17.0/STM32CubeIDE/plugins/com.st.stm32cube.ide.mcu.externaltools.gnu-tools-for-stm32.13.3.rel1.win32_1.0.0.202411081344/tools/bin/../lib/gcc/arm-none-eabi/13.3.1/../../../../arm-none-eabi/lib/thumb/v7e-m+fp/hard\libc_nano.a(libc_a-puts.o)
                0x0800dfe8                puts
 .text.__sread  0x0800dff8       0x22 C:/ST/STM32CubeIDE_1.17.0/STM32CubeIDE/plugins/com.st.stm32cube.ide.mcu.externaltools.gnu-tools-for-stm32.13.3.rel1.win32_1.0.0.202411081344/tools/bin/../lib/gcc/arm-none-eabi/13.3.1/../../../../arm-none-eabi/lib/thumb/v7e-m+fp/hard\libc_nano.a(libc_a-stdio.o)
                0x0800dff8                __sread
 .text.__swrite
                0x0800e01a       0x38 C:/ST/STM32CubeIDE_1.17.0/STM32CubeIDE/plugins/com.st.stm32cube.ide.mcu.externaltools.gnu-tools-for-stm32.13.3.rel1.win32_1.0.0.202411081344/tools/bin/../lib/gcc/arm-none-eabi/13.3.1/../../../../arm-none-eabi/lib/thumb/v7e-m+fp/hard\libc_nano.a(libc_a-stdio.o)
                0x0800e01a                __swrite
 .text.__sseek  0x0800e052       0x24 C:/ST/STM32CubeIDE_1.17.0/STM32CubeIDE/plugins/com.st.stm32cube.ide.mcu.externaltools.gnu-tools-for-stm32.13.3.rel1.win32_1.0.0.202411081344/tools/bin/../lib/gcc/arm-none-eabi/13.3.1/../../../../arm-none-eabi/lib/thumb/v7e-m+fp/hard\libc_nano.a(libc_a-stdio.o)
                0x0800e052                __sseek
 .text.__sclose
                0x0800e076        0x8 C:/ST/STM32CubeIDE_1.17.0/STM32CubeIDE/plugins/com.st.stm32cube.ide.mcu.externaltools.gnu-tools-for-stm32.13.3.rel1.win32_1.0.0.202411081344/tools/bin/../lib/gcc/arm-none-eabi/13.3.1/../../../../arm-none-eabi/lib/thumb/v7e-m+fp/hard\libc_nano.a(libc_a-stdio.o)
                0x0800e076                __sclose
 .text.__swbuf_r
                0x0800e07e       0x7c C:/ST/STM32CubeIDE_1.17.0/STM32CubeIDE/plugins/com.st.stm32cube.ide.mcu.externaltools.gnu-tools-for-stm32.13.3.rel1.win32_1.0.0.202411081344/tools/bin/../lib/gcc/arm-none-eabi/13.3.1/../../../../arm-none-eabi/lib/thumb/v7e-m+fp/hard\libc_nano.a(libc_a-wbuf.o)
                0x0800e07e                __swbuf_r
 *fill*         0x0800e0fa        0x2 
 .text.__swsetup_r
                0x0800e0fc       0xac C:/ST/STM32CubeIDE_1.17.0/STM32CubeIDE/plugins/com.st.stm32cube.ide.mcu.externaltools.gnu-tools-for-stm32.13.3.rel1.win32_1.0.0.202411081344/tools/bin/../lib/gcc/arm-none-eabi/13.3.1/../../../../arm-none-eabi/lib/thumb/v7e-m+fp/hard\libc_nano.a(libc_a-wsetup.o)
                0x0800e0fc                __swsetup_r
 .text.memset   0x0800e1a8       0x10 C:/ST/STM32CubeIDE_1.17.0/STM32CubeIDE/plugins/com.st.stm32cube.ide.mcu.externaltools.gnu-tools-for-stm32.13.3.rel1.win32_1.0.0.202411081344/tools/bin/../lib/gcc/arm-none-eabi/13.3.1/../../../../arm-none-eabi/lib/thumb/v7e-m+fp/hard\libc_nano.a(libc_a-memset.o)
                0x0800e1a8                memset
 .text._localeconv_r
                0x0800e1b8        0x8 C:/ST/STM32CubeIDE_1.17.0/STM32CubeIDE/plugins/com.st.stm32cube.ide.mcu.externaltools.gnu-tools-for-stm32.13.3.rel1.win32_1.0.0.202411081344/tools/bin/../lib/gcc/arm-none-eabi/13.3.1/../../../../arm-none-eabi/lib/thumb/v7e-m+fp/hard\libc_nano.a(libc_a-localeconv.o)
                0x0800e1b8                _localeconv_r
 .text._close_r
                0x0800e1c0       0x20 C:/ST/STM32CubeIDE_1.17.0/STM32CubeIDE/plugins/com.st.stm32cube.ide.mcu.externaltools.gnu-tools-for-stm32.13.3.rel1.win32_1.0.0.202411081344/tools/bin/../lib/gcc/arm-none-eabi/13.3.1/../../../../arm-none-eabi/lib/thumb/v7e-m+fp/hard\libc_nano.a(libc_a-closer.o)
                0x0800e1c0                _close_r
 .text._lseek_r
                0x0800e1e0       0x24 C:/ST/STM32CubeIDE_1.17.0/STM32CubeIDE/plugins/com.st.stm32cube.ide.mcu.externaltools.gnu-tools-for-stm32.13.3.rel1.win32_1.0.0.202411081344/tools/bin/../lib/gcc/arm-none-eabi/13.3.1/../../../../arm-none-eabi/lib/thumb/v7e-m+fp/hard\libc_nano.a(libc_a-lseekr.o)
                0x0800e1e0                _lseek_r
 .text._read_r  0x0800e204       0x24 C:/ST/STM32CubeIDE_1.17.0/STM32CubeIDE/plugins/com.st.stm32cube.ide.mcu.externaltools.gnu-tools-for-stm32.13.3.rel1.win32_1.0.0.202411081344/tools/bin/../lib/gcc/arm-none-eabi/13.3.1/../../../../arm-none-eabi/lib/thumb/v7e-m+fp/hard\libc_nano.a(libc_a-readr.o)
                0x0800e204                _read_r
 .text._sbrk_r  0x0800e228       0x20 C:/ST/STM32CubeIDE_1.17.0/STM32CubeIDE/plugins/com.st.stm32cube.ide.mcu.externaltools.gnu-tools-for-stm32.13.3.rel1.win32_1.0.0.202411081344/tools/bin/../lib/gcc/arm-none-eabi/13.3.1/../../../../arm-none-eabi/lib/thumb/v7e-m+fp/hard\libc_nano.a(libc_a-sbrkr.o)
                0x0800e228                _sbrk_r
 .text._write_r
                0x0800e248       0x24 C:/ST/STM32CubeIDE_1.17.0/STM32CubeIDE/plugins/com.st.stm32cube.ide.mcu.externaltools.gnu-tools-for-stm32.13.3.rel1.win32_1.0.0.202411081344/tools/bin/../lib/gcc/arm-none-eabi/13.3.1/../../../../arm-none-eabi/lib/thumb/v7e-m+fp/hard\libc_nano.a(libc_a-writer.o)
                0x0800e248                _write_r
 .text.__errno  0x0800e26c        0xc C:/ST/STM32CubeIDE_1.17.0/STM32CubeIDE/plugins/com.st.stm32cube.ide.mcu.externaltools.gnu-tools-for-stm32.13.3.rel1.win32_1.0.0.202411081344/tools/bin/../lib/gcc/arm-none-eabi/13.3.1/../../../../arm-none-eabi/lib/thumb/v7e-m+fp/hard\libc_nano.a(libc_a-errno.o)
                0x0800e26c                __errno
 .text.__libc_init_array
                0x0800e278       0x48 C:/ST/STM32CubeIDE_1.17.0/STM32CubeIDE/plugins/com.st.stm32cube.ide.mcu.externaltools.gnu-tools-for-stm32.13.3.rel1.win32_1.0.0.202411081344/tools/bin/../lib/gcc/arm-none-eabi/13.3.1/../../../../arm-none-eabi/lib/thumb/v7e-m+fp/hard\libc_nano.a(libc_a-init.o)
                0x0800e278                __libc_init_array
 .text.__retarget_lock_init_recursive
                0x0800e2c0        0x2 C:/ST/STM32CubeIDE_1.17.0/STM32CubeIDE/plugins/com.st.stm32cube.ide.mcu.externaltools.gnu-tools-for-stm32.13.3.rel1.win32_1.0.0.202411081344/tools/bin/../lib/gcc/arm-none-eabi/13.3.1/../../../../arm-none-eabi/lib/thumb/v7e-m+fp/hard\libc_nano.a(libc_a-lock.o)
                0x0800e2c0                __retarget_lock_init_recursive
 .text.__retarget_lock_acquire_recursive
                0x0800e2c2        0x2 C:/ST/STM32CubeIDE_1.17.0/STM32CubeIDE/plugins/com.st.stm32cube.ide.mcu.externaltools.gnu-tools-for-stm32.13.3.rel1.win32_1.0.0.202411081344/tools/bin/../lib/gcc/arm-none-eabi/13.3.1/../../../../arm-none-eabi/lib/thumb/v7e-m+fp/hard\libc_nano.a(libc_a-lock.o)
                0x0800e2c2                __retarget_lock_acquire_recursive
 .text.__retarget_lock_release_recursive
                0x0800e2c4        0x2 C:/ST/STM32CubeIDE_1.17.0/STM32CubeIDE/plugins/com.st.stm32cube.ide.mcu.externaltools.gnu-tools-for-stm32.13.3.rel1.win32_1.0.0.202411081344/tools/bin/../lib/gcc/arm-none-eabi/13.3.1/../../../../arm-none-eabi/lib/thumb/v7e-m+fp/hard\libc_nano.a(libc_a-lock.o)
                0x0800e2c4                __retarget_lock_release_recursive
 .text.memcpy   0x0800e2c6       0x1c C:/ST/STM32CubeIDE_1.17.0/STM32CubeIDE/plugins/com.st.stm32cube.ide.mcu.externaltools.gnu-tools-for-stm32.13.3.rel1.win32_1.0.0.202411081344/tools/bin/../lib/gcc/arm-none-eabi/13.3.1/../../../../arm-none-eabi/lib/thumb/v7e-m+fp/hard\libc_nano.a(libc_a-memcpy-stub.o)
                0x0800e2c6                memcpy
 .text.quorem   0x0800e2e2      0x110 C:/ST/STM32CubeIDE_1.17.0/STM32CubeIDE/plugins/com.st.stm32cube.ide.mcu.externaltools.gnu-tools-for-stm32.13.3.rel1.win32_1.0.0.202411081344/tools/bin/../lib/gcc/arm-none-eabi/13.3.1/../../../../arm-none-eabi/lib/thumb/v7e-m+fp/hard\libc_nano.a(libc_a-dtoa.o)
 *fill*         0x0800e3f2        0x6 
 .text._dtoa_r  0x0800e3f8      0xba0 C:/ST/STM32CubeIDE_1.17.0/STM32CubeIDE/plugins/com.st.stm32cube.ide.mcu.externaltools.gnu-tools-for-stm32.13.3.rel1.win32_1.0.0.202411081344/tools/bin/../lib/gcc/arm-none-eabi/13.3.1/../../../../arm-none-eabi/lib/thumb/v7e-m+fp/hard\libc_nano.a(libc_a-dtoa.o)
                0x0800e3f8                _dtoa_r
 .text._free_r  0x0800ef98       0x94 C:/ST/STM32CubeIDE_1.17.0/STM32CubeIDE/plugins/com.st.stm32cube.ide.mcu.externaltools.gnu-tools-for-stm32.13.3.rel1.win32_1.0.0.202411081344/tools/bin/../lib/gcc/arm-none-eabi/13.3.1/../../../../arm-none-eabi/lib/thumb/v7e-m+fp/hard\libc_nano.a(libc_a-freer.o)
                0x0800ef98                _free_r
 .text._Balloc  0x0800f02c       0x80 C:/ST/STM32CubeIDE_1.17.0/STM32CubeIDE/plugins/com.st.stm32cube.ide.mcu.externaltools.gnu-tools-for-stm32.13.3.rel1.win32_1.0.0.202411081344/tools/bin/../lib/gcc/arm-none-eabi/13.3.1/../../../../arm-none-eabi/lib/thumb/v7e-m+fp/hard\libc_nano.a(libc_a-mprec.o)
                0x0800f02c                _Balloc
 .text._Bfree   0x0800f0ac       0x44 C:/ST/STM32CubeIDE_1.17.0/STM32CubeIDE/plugins/com.st.stm32cube.ide.mcu.externaltools.gnu-tools-for-stm32.13.3.rel1.win32_1.0.0.202411081344/tools/bin/../lib/gcc/arm-none-eabi/13.3.1/../../../../arm-none-eabi/lib/thumb/v7e-m+fp/hard\libc_nano.a(libc_a-mprec.o)
                0x0800f0ac                _Bfree
 .text.__multadd
                0x0800f0f0       0x8c C:/ST/STM32CubeIDE_1.17.0/STM32CubeIDE/plugins/com.st.stm32cube.ide.mcu.externaltools.gnu-tools-for-stm32.13.3.rel1.win32_1.0.0.202411081344/tools/bin/../lib/gcc/arm-none-eabi/13.3.1/../../../../arm-none-eabi/lib/thumb/v7e-m+fp/hard\libc_nano.a(libc_a-mprec.o)
                0x0800f0f0                __multadd
 .text.__hi0bits
                0x0800f17c       0x3e C:/ST/STM32CubeIDE_1.17.0/STM32CubeIDE/plugins/com.st.stm32cube.ide.mcu.externaltools.gnu-tools-for-stm32.13.3.rel1.win32_1.0.0.202411081344/tools/bin/../lib/gcc/arm-none-eabi/13.3.1/../../../../arm-none-eabi/lib/thumb/v7e-m+fp/hard\libc_nano.a(libc_a-mprec.o)
                0x0800f17c                __hi0bits
 .text.__lo0bits
                0x0800f1ba       0x5a C:/ST/STM32CubeIDE_1.17.0/STM32CubeIDE/plugins/com.st.stm32cube.ide.mcu.externaltools.gnu-tools-for-stm32.13.3.rel1.win32_1.0.0.202411081344/tools/bin/../lib/gcc/arm-none-eabi/13.3.1/../../../../arm-none-eabi/lib/thumb/v7e-m+fp/hard\libc_nano.a(libc_a-mprec.o)
                0x0800f1ba                __lo0bits
 .text.__i2b    0x0800f214       0x2c C:/ST/STM32CubeIDE_1.17.0/STM32CubeIDE/plugins/com.st.stm32cube.ide.mcu.externaltools.gnu-tools-for-stm32.13.3.rel1.win32_1.0.0.202411081344/tools/bin/../lib/gcc/arm-none-eabi/13.3.1/../../../../arm-none-eabi/lib/thumb/v7e-m+fp/hard\libc_nano.a(libc_a-mprec.o)
                0x0800f214                __i2b
 .text.__multiply
                0x0800f240      0x144 C:/ST/STM32CubeIDE_1.17.0/STM32CubeIDE/plugins/com.st.stm32cube.ide.mcu.externaltools.gnu-tools-for-stm32.13.3.rel1.win32_1.0.0.202411081344/tools/bin/../lib/gcc/arm-none-eabi/13.3.1/../../../../arm-none-eabi/lib/thumb/v7e-m+fp/hard\libc_nano.a(libc_a-mprec.o)
                0x0800f240                __multiply
 .text.__pow5mult
                0x0800f384       0xb4 C:/ST/STM32CubeIDE_1.17.0/STM32CubeIDE/plugins/com.st.stm32cube.ide.mcu.externaltools.gnu-tools-for-stm32.13.3.rel1.win32_1.0.0.202411081344/tools/bin/../lib/gcc/arm-none-eabi/13.3.1/../../../../arm-none-eabi/lib/thumb/v7e-m+fp/hard\libc_nano.a(libc_a-mprec.o)
                0x0800f384                __pow5mult
 .text.__lshift
                0x0800f438       0xd8 C:/ST/STM32CubeIDE_1.17.0/STM32CubeIDE/plugins/com.st.stm32cube.ide.mcu.externaltools.gnu-tools-for-stm32.13.3.rel1.win32_1.0.0.202411081344/tools/bin/../lib/gcc/arm-none-eabi/13.3.1/../../../../arm-none-eabi/lib/thumb/v7e-m+fp/hard\libc_nano.a(libc_a-mprec.o)
                0x0800f438                __lshift
 .text.__mcmp   0x0800f510       0x36 C:/ST/STM32CubeIDE_1.17.0/STM32CubeIDE/plugins/com.st.stm32cube.ide.mcu.externaltools.gnu-tools-for-stm32.13.3.rel1.win32_1.0.0.202411081344/tools/bin/../lib/gcc/arm-none-eabi/13.3.1/../../../../arm-none-eabi/lib/thumb/v7e-m+fp/hard\libc_nano.a(libc_a-mprec.o)
                0x0800f510                __mcmp
 *fill*         0x0800f546        0x2 
 .text.__mdiff  0x0800f548      0x128 C:/ST/STM32CubeIDE_1.17.0/STM32CubeIDE/plugins/com.st.stm32cube.ide.mcu.externaltools.gnu-tools-for-stm32.13.3.rel1.win32_1.0.0.202411081344/tools/bin/../lib/gcc/arm-none-eabi/13.3.1/../../../../arm-none-eabi/lib/thumb/v7e-m+fp/hard\libc_nano.a(libc_a-mprec.o)
                0x0800f548                __mdiff
 .text.__d2b    0x0800f670       0xb0 C:/ST/STM32CubeIDE_1.17.0/STM32CubeIDE/plugins/com.st.stm32cube.ide.mcu.externaltools.gnu-tools-for-stm32.13.3.rel1.win32_1.0.0.202411081344/tools/bin/../lib/gcc/arm-none-eabi/13.3.1/../../../../arm-none-eabi/lib/thumb/v7e-m+fp/hard\libc_nano.a(libc_a-mprec.o)
                0x0800f670                __d2b
 .text.__sfputc_r
                0x0800f720       0x2e C:/ST/STM32CubeIDE_1.17.0/STM32CubeIDE/plugins/com.st.stm32cube.ide.mcu.externaltools.gnu-tools-for-stm32.13.3.rel1.win32_1.0.0.202411081344/tools/bin/../lib/gcc/arm-none-eabi/13.3.1/../../../../arm-none-eabi/lib/thumb/v7e-m+fp/hard\libc_nano.a(libc_a-nano-vfprintf.o)
 .text.__sfputs_r
                0x0800f74e       0x24 C:/ST/STM32CubeIDE_1.17.0/STM32CubeIDE/plugins/com.st.stm32cube.ide.mcu.externaltools.gnu-tools-for-stm32.13.3.rel1.win32_1.0.0.202411081344/tools/bin/../lib/gcc/arm-none-eabi/13.3.1/../../../../arm-none-eabi/lib/thumb/v7e-m+fp/hard\libc_nano.a(libc_a-nano-vfprintf.o)
                0x0800f74e                __sfputs_r
 *fill*         0x0800f772        0x2 
 .text._vfprintf_r
                0x0800f774      0x230 C:/ST/STM32CubeIDE_1.17.0/STM32CubeIDE/plugins/com.st.stm32cube.ide.mcu.externaltools.gnu-tools-for-stm32.13.3.rel1.win32_1.0.0.202411081344/tools/bin/../lib/gcc/arm-none-eabi/13.3.1/../../../../arm-none-eabi/lib/thumb/v7e-m+fp/hard\libc_nano.a(libc_a-nano-vfprintf.o)
                0x0800f774                _vfprintf_r
                0x0800f774                _vfiprintf_r
 .text.__sflush_r
                0x0800f9a4      0x108 C:/ST/STM32CubeIDE_1.17.0/STM32CubeIDE/plugins/com.st.stm32cube.ide.mcu.externaltools.gnu-tools-for-stm32.13.3.rel1.win32_1.0.0.202411081344/tools/bin/../lib/gcc/arm-none-eabi/13.3.1/../../../../arm-none-eabi/lib/thumb/v7e-m+fp/hard\libc_nano.a(libc_a-fflush.o)
                0x0800f9a4                __sflush_r
 .text._fflush_r
                0x0800faac       0x50 C:/ST/STM32CubeIDE_1.17.0/STM32CubeIDE/plugins/com.st.stm32cube.ide.mcu.externaltools.gnu-tools-for-stm32.13.3.rel1.win32_1.0.0.202411081344/tools/bin/../lib/gcc/arm-none-eabi/13.3.1/../../../../arm-none-eabi/lib/thumb/v7e-m+fp/hard\libc_nano.a(libc_a-fflush.o)
                0x0800faac                _fflush_r
 .text.__swhatbuf_r
                0x0800fafc       0x4c C:/ST/STM32CubeIDE_1.17.0/STM32CubeIDE/plugins/com.st.stm32cube.ide.mcu.externaltools.gnu-tools-for-stm32.13.3.rel1.win32_1.0.0.202411081344/tools/bin/../lib/gcc/arm-none-eabi/13.3.1/../../../../arm-none-eabi/lib/thumb/v7e-m+fp/hard\libc_nano.a(libc_a-makebuf.o)
                0x0800fafc                __swhatbuf_r
 .text.__smakebuf_r
                0x0800fb48       0x78 C:/ST/STM32CubeIDE_1.17.0/STM32CubeIDE/plugins/com.st.stm32cube.ide.mcu.externaltools.gnu-tools-for-stm32.13.3.rel1.win32_1.0.0.202411081344/tools/bin/../lib/gcc/arm-none-eabi/13.3.1/../../../../arm-none-eabi/lib/thumb/v7e-m+fp/hard\libc_nano.a(libc_a-makebuf.o)
                0x0800fb48                __smakebuf_r
 .text._putc_r  0x0800fbc0       0x68 C:/ST/STM32CubeIDE_1.17.0/STM32CubeIDE/plugins/com.st.stm32cube.ide.mcu.externaltools.gnu-tools-for-stm32.13.3.rel1.win32_1.0.0.202411081344/tools/bin/../lib/gcc/arm-none-eabi/13.3.1/../../../../arm-none-eabi/lib/thumb/v7e-m+fp/hard\libc_nano.a(libc_a-putc.o)
                0x0800fbc0                _putc_r
 .text._fstat_r
                0x0800fc28       0x24 C:/ST/STM32CubeIDE_1.17.0/STM32CubeIDE/plugins/com.st.stm32cube.ide.mcu.externaltools.gnu-tools-for-stm32.13.3.rel1.win32_1.0.0.202411081344/tools/bin/../lib/gcc/arm-none-eabi/13.3.1/../../../../arm-none-eabi/lib/thumb/v7e-m+fp/hard\libc_nano.a(libc_a-fstatr.o)
                0x0800fc28                _fstat_r
 .text._isatty_r
                0x0800fc4c       0x20 C:/ST/STM32CubeIDE_1.17.0/STM32CubeIDE/plugins/com.st.stm32cube.ide.mcu.externaltools.gnu-tools-for-stm32.13.3.rel1.win32_1.0.0.202411081344/tools/bin/../lib/gcc/arm-none-eabi/13.3.1/../../../../arm-none-eabi/lib/thumb/v7e-m+fp/hard\libc_nano.a(libc_a-isattyr.o)
                0x0800fc4c                _isatty_r
 .text.__assert_func
                0x0800fc6c       0x3c C:/ST/STM32CubeIDE_1.17.0/STM32CubeIDE/plugins/com.st.stm32cube.ide.mcu.externaltools.gnu-tools-for-stm32.13.3.rel1.win32_1.0.0.202411081344/tools/bin/../lib/gcc/arm-none-eabi/13.3.1/../../../../arm-none-eabi/lib/thumb/v7e-m+fp/hard\libc_nano.a(libc_a-assert.o)
                0x0800fc6c                __assert_func
 .text._calloc_r
                0x0800fca8       0x28 C:/ST/STM32CubeIDE_1.17.0/STM32CubeIDE/plugins/com.st.stm32cube.ide.mcu.externaltools.gnu-tools-for-stm32.13.3.rel1.win32_1.0.0.202411081344/tools/bin/../lib/gcc/arm-none-eabi/13.3.1/../../../../arm-none-eabi/lib/thumb/v7e-m+fp/hard\libc_nano.a(libc_a-callocr.o)
                0x0800fca8                _calloc_r
 .text.__ascii_mbtowc
                0x0800fcd0       0x24 C:/ST/STM32CubeIDE_1.17.0/STM32CubeIDE/plugins/com.st.stm32cube.ide.mcu.externaltools.gnu-tools-for-stm32.13.3.rel1.win32_1.0.0.202411081344/tools/bin/../lib/gcc/arm-none-eabi/13.3.1/../../../../arm-none-eabi/lib/thumb/v7e-m+fp/hard\libc_nano.a(libc_a-mbtowc_r.o)
                0x0800fcd0                __ascii_mbtowc
 .text.__ascii_wctomb
                0x0800fcf4       0x1a C:/ST/STM32CubeIDE_1.17.0/STM32CubeIDE/plugins/com.st.stm32cube.ide.mcu.externaltools.gnu-tools-for-stm32.13.3.rel1.win32_1.0.0.202411081344/tools/bin/../lib/gcc/arm-none-eabi/13.3.1/../../../../arm-none-eabi/lib/thumb/v7e-m+fp/hard\libc_nano.a(libc_a-wctomb_r.o)
                0x0800fcf4                __ascii_wctomb
 *fill*         0x0800fd0e        0x2 
 .text.fprintf  0x0800fd10       0x24 C:/ST/STM32CubeIDE_1.17.0/STM32CubeIDE/plugins/com.st.stm32cube.ide.mcu.externaltools.gnu-tools-for-stm32.13.3.rel1.win32_1.0.0.202411081344/tools/bin/../lib/gcc/arm-none-eabi/13.3.1/../../../../arm-none-eabi/lib/thumb/v7e-m+fp/hard\libc_nano.a(libc_a-fprintf.o)
                0x0800fd10                fiprintf
                0x0800fd10                fprintf
 .text.abort    0x0800fd34        0xe C:/ST/STM32CubeIDE_1.17.0/STM32CubeIDE/plugins/com.st.stm32cube.ide.mcu.externaltools.gnu-tools-for-stm32.13.3.rel1.win32_1.0.0.202411081344/tools/bin/../lib/gcc/arm-none-eabi/13.3.1/../../../../arm-none-eabi/lib/thumb/v7e-m+fp/hard\libc_nano.a(libc_a-abort.o)
                0x0800fd34                abort
 .text._raise_r
                0x0800fd42       0x50 C:/ST/STM32CubeIDE_1.17.0/STM32CubeIDE/plugins/com.st.stm32cube.ide.mcu.externaltools.gnu-tools-for-stm32.13.3.rel1.win32_1.0.0.202411081344/tools/bin/../lib/gcc/arm-none-eabi/13.3.1/../../../../arm-none-eabi/lib/thumb/v7e-m+fp/hard\libc_nano.a(libc_a-signal.o)
                0x0800fd42                _raise_r
 *fill*         0x0800fd92        0x2 
 .text.raise    0x0800fd94       0x10 C:/ST/STM32CubeIDE_1.17.0/STM32CubeIDE/plugins/com.st.stm32cube.ide.mcu.externaltools.gnu-tools-for-stm32.13.3.rel1.win32_1.0.0.202411081344/tools/bin/../lib/gcc/arm-none-eabi/13.3.1/../../../../arm-none-eabi/lib/thumb/v7e-m+fp/hard\libc_nano.a(libc_a-signal.o)
                0x0800fd94                raise
 .text._kill_r  0x0800fda4       0x24 C:/ST/STM32CubeIDE_1.17.0/STM32CubeIDE/plugins/com.st.stm32cube.ide.mcu.externaltools.gnu-tools-for-stm32.13.3.rel1.win32_1.0.0.202411081344/tools/bin/../lib/gcc/arm-none-eabi/13.3.1/../../../../arm-none-eabi/lib/thumb/v7e-m+fp/hard\libc_nano.a(libc_a-signalr.o)
                0x0800fda4                _kill_r
 .text._getpid_r