../Drivers/CMSIS/Include/core_cm4.h:2064:26:ITM_SendChar	16	static,ignoring_inline_asm
../Core/Src/main.c:27:5:_write	32	static
../Core/Src/main.c:93:5:main	16	static
../Core/Src/main.c:155:6:SystemClock_Config	88	static
../Core/Src/main.c:201:13:MX_ADC1_Init	24	static
../Core/Src/main.c:253:13:MX_CAN1_Init	48	static
../Core/Src/main.c:301:13:MX_CAN2_Init	8	static
../Core/Src/main.c:338:13:MX_SPI1_Init	8	static
../Core/Src/main.c:376:13:MX_TIM2_Init	32	static
../Core/Src/main.c:419:13:MX_DMA_Init	16	static
../Core/Src/main.c:440:13:MX_GPIO_Init	48	static
../Core/Src/main.c:506:6:Error_Handler	4	static,ignoring_inline_asm
