../Drivers/CMSIS/Include/core_cm4.h:2064:26:ITM_SendChar	16	static,ignoring_inline_asm
../Core/Src/main.c:27:5:_write	32	static
../Core/Src/main.c:91:5:main	8	static
../Core/Src/main.c:154:6:SystemClock_Config	88	static
../Core/Src/main.c:200:13:MX_ADC1_Init	24	static
../Core/Src/main.c:252:13:MX_CAN1_Init	48	static
../Core/Src/main.c:300:13:MX_CAN2_Init	8	static
../Core/Src/main.c:337:13:MX_SPI1_Init	8	static
../Core/Src/main.c:375:13:MX_TIM2_Init	32	static
../Core/Src/main.c:420:13:MX_GPIO_Init	48	static
../Core/Src/main.c:486:6:Error_Handler	4	static,ignoring_inline_asm
