../Core/Src/stm32f4xx_it.c:70:6:NMI_Handler	8	static
../Core/Src/stm32f4xx_it.c:86:6:HardFault_Handler	8	static
../Core/Src/stm32f4xx_it.c:102:6:MemManage_Handler	8	static
../Core/Src/stm32f4xx_it.c:118:6:BusFault_Handler	8	static
../Core/Src/stm32f4xx_it.c:134:6:UsageFault_Handler	8	static
../Core/Src/stm32f4xx_it.c:150:6:SVC_Handler	4	static
../Core/Src/stm32f4xx_it.c:163:6:DebugMon_Handler	4	static
../Core/Src/stm32f4xx_it.c:176:6:PendSV_Handler	4	static
../Core/Src/stm32f4xx_it.c:189:6:SysTick_Handler	8	static
../Core/Src/stm32f4xx_it.c:210:6:CAN1_RX0_IRQHandler	8	static
../Core/Src/stm32f4xx_it.c:224:6:OTG_FS_IRQHandler	8	static
